Archive member included to satisfy reference by file (symbol)

examples/libexamples.a(LCD_1in14_V2_test.c.obj)
                              CMakeFiles/pico_lcd_1.14.dir/pico_lcd_1.14.c.obj (LCD_1in14_V2_test)
examples/libexamples.a(ImageData.c.obj)
                              examples/libexamples.a(LCD_1in14_V2_test.c.obj) (gImage_1inch14_1)
lib/LCD/libLCD.a(LCD_1in14_V2.c.obj)
                              examples/libexamples.a(LCD_1in14_V2_test.c.obj) (LCD_1IN14_V2_Init)
lib/Infrared/libInfrared.a(Infrared.c.obj)
                              examples/libexamples.a(LCD_1in14_V2_test.c.obj) (SET_Infrared_PIN)
lib/GUI/libGUI.a(GUI_Paint.c.obj)
                              examples/libexamples.a(LCD_1in14_V2_test.c.obj) (Paint_NewImage)
lib/Fonts/libFonts.a(font16.c.obj)
                              examples/libexamples.a(LCD_1in14_V2_test.c.obj) (Font16)
lib/Fonts/libFonts.a(font20.c.obj)
                              examples/libexamples.a(LCD_1in14_V2_test.c.obj) (Font20)
lib/Fonts/libFonts.a(font24CN.c.obj)
                              examples/libexamples.a(LCD_1in14_V2_test.c.obj) (Font24CN)
lib/Config/libConfig.a(DEV_Config.c.obj)
                              lib/LCD/libLCD.a(LCD_1in14_V2.c.obj) (DEV_Digital_Write)
/usr/lib/gcc/arm-none-eabi/10.3.1/thumb/v6-m/nofp/libgcc.a(_dvmd_tls.o)
                              CMakeFiles/pico_lcd_1.14.dir/home/michael/pico/pico-sdk/src/rp2_common/pico_divider/divider.S.obj (__aeabi_idiv0)
/usr/lib/gcc/arm-none-eabi/10.3.1/../../../arm-none-eabi/lib/thumb/v6-m/nofp/libg.a(lib_a-atexit.o)
                              /usr/lib/gcc/arm-none-eabi/10.3.1/../../../arm-none-eabi/lib/thumb/v6-m/nofp/crt0.o (atexit)
/usr/lib/gcc/arm-none-eabi/10.3.1/../../../arm-none-eabi/lib/thumb/v6-m/nofp/libg.a(lib_a-calloc.o)
                              CMakeFiles/pico_lcd_1.14.dir/home/michael/pico/pico-sdk/src/rp2_common/pico_malloc/pico_malloc.c.obj (calloc)
/usr/lib/gcc/arm-none-eabi/10.3.1/../../../arm-none-eabi/lib/thumb/v6-m/nofp/libg.a(lib_a-callocr.o)
                              /usr/lib/gcc/arm-none-eabi/10.3.1/../../../arm-none-eabi/lib/thumb/v6-m/nofp/libg.a(lib_a-calloc.o) (_calloc_r)
/usr/lib/gcc/arm-none-eabi/10.3.1/../../../arm-none-eabi/lib/thumb/v6-m/nofp/libg.a(lib_a-ctype_.o)
                              CMakeFiles/pico_lcd_1.14.dir/home/michael/pico/pico-sdk/lib/tinyusb/src/tusb.c.obj (_ctype_)
/usr/lib/gcc/arm-none-eabi/10.3.1/../../../arm-none-eabi/lib/thumb/v6-m/nofp/libg.a(lib_a-fini.o)
                              /usr/lib/gcc/arm-none-eabi/10.3.1/../../../arm-none-eabi/lib/thumb/v6-m/nofp/crt0.o (__libc_fini_array)
/usr/lib/gcc/arm-none-eabi/10.3.1/../../../arm-none-eabi/lib/thumb/v6-m/nofp/libg.a(lib_a-impure.o)
                              /usr/lib/gcc/arm-none-eabi/10.3.1/../../../arm-none-eabi/lib/thumb/v6-m/nofp/libg.a(lib_a-calloc.o) (_impure_ptr)
/usr/lib/gcc/arm-none-eabi/10.3.1/../../../arm-none-eabi/lib/thumb/v6-m/nofp/libg.a(lib_a-init.o)
                              /usr/lib/gcc/arm-none-eabi/10.3.1/../../../arm-none-eabi/lib/thumb/v6-m/nofp/crt0.o (__libc_init_array)
/usr/lib/gcc/arm-none-eabi/10.3.1/../../../arm-none-eabi/lib/thumb/v6-m/nofp/libg.a(lib_a-malloc.o)
                              CMakeFiles/pico_lcd_1.14.dir/home/michael/pico/pico-sdk/src/rp2_common/pico_malloc/pico_malloc.c.obj (malloc)
/usr/lib/gcc/arm-none-eabi/10.3.1/../../../arm-none-eabi/lib/thumb/v6-m/nofp/libg.a(lib_a-mallocr.o)
                              /usr/lib/gcc/arm-none-eabi/10.3.1/../../../arm-none-eabi/lib/thumb/v6-m/nofp/libg.a(lib_a-callocr.o) (_malloc_r)
/usr/lib/gcc/arm-none-eabi/10.3.1/../../../arm-none-eabi/lib/thumb/v6-m/nofp/libg.a(lib_a-mlock.o)
                              /usr/lib/gcc/arm-none-eabi/10.3.1/../../../arm-none-eabi/lib/thumb/v6-m/nofp/libg.a(lib_a-mallocr.o) (__malloc_lock)
/usr/lib/gcc/arm-none-eabi/10.3.1/../../../arm-none-eabi/lib/thumb/v6-m/nofp/libg.a(lib_a-realloc.o)
                              CMakeFiles/pico_lcd_1.14.dir/home/michael/pico/pico-sdk/src/rp2_common/pico_malloc/pico_malloc.c.obj (realloc)
/usr/lib/gcc/arm-none-eabi/10.3.1/../../../arm-none-eabi/lib/thumb/v6-m/nofp/libg.a(lib_a-reallocr.o)
                              /usr/lib/gcc/arm-none-eabi/10.3.1/../../../arm-none-eabi/lib/thumb/v6-m/nofp/libg.a(lib_a-realloc.o) (_realloc_r)
/usr/lib/gcc/arm-none-eabi/10.3.1/../../../arm-none-eabi/lib/thumb/v6-m/nofp/libg.a(lib_a-sbrkr.o)
                              /usr/lib/gcc/arm-none-eabi/10.3.1/../../../arm-none-eabi/lib/thumb/v6-m/nofp/libg.a(lib_a-mallocr.o) (_sbrk_r)
/usr/lib/gcc/arm-none-eabi/10.3.1/../../../arm-none-eabi/lib/thumb/v6-m/nofp/libg.a(lib_a-strlen-stub.o)
                              CMakeFiles/pico_lcd_1.14.dir/home/michael/pico/pico-sdk/src/rp2_common/pico_stdio/stdio.c.obj (strlen)
/usr/lib/gcc/arm-none-eabi/10.3.1/../../../arm-none-eabi/lib/thumb/v6-m/nofp/libg.a(lib_a-__atexit.o)
[...]
Memory Configuration

Name             Origin             Length             Attributes
FLASH            0x0000000010000000 0x0000000000200000 xr
RAM              0x0000000020000000 0x0000000000040000 xrw
SCRATCH_X        0x0000000020040000 0x0000000000001000 xrw
SCRATCH_Y        0x0000000020041000 0x0000000000001000 xrw
*default*        0x0000000000000000 0xffffffffffffffff

Linker script and memory map

LOAD /usr/lib/gcc/arm-none-eabi/10.3.1/thumb/v6-m/nofp/crti.o
LOAD /usr/lib/gcc/arm-none-eabi/10.3.1/thumb/v6-m/nofp/crtbegin.o
LOAD /usr/lib/gcc/arm-none-eabi/10.3.1/../../../arm-none-eabi/lib/thumb/v6-m/nofp/crt0.o

.flash_begin    0x0000000010000000        0x0
                0x0000000010000000                __flash_binary_start = .

.boot2          0x0000000010000000      0x100
                0x0000000010000000                __boot2_start__ = .
 *(.boot2)
 .boot2         0x0000000010000000      0x100 /tmp/ccOTMLFs.o
                0x0000000010000100                __boot2_end__ = .
                0x0000000000000001                ASSERT (((__boot2_end__ - __boot2_start__) == 0x100), ERROR: Pico second stage bootloader must be 256 bytes in size)

.text           0x0000000010000100     0x95b0
                0x0000000010000100                __logical_binary_start = .
 *(.vectors)
 .vectors       0x0000000010000100       0xd4 CMakeFiles/pico_lcd_1.14.dir/home/michael/pico/pico-sdk/src/rp2_common/pico_standard_link/crt0.S.obj
                0x0000000010000100                __vectors
                0x0000000010000100                __VECTOR_TABLE
                0x00000000100001c0                isr_invalid
                0x00000000100001c0                __default_isrs_start
                0x00000000100001c2                isr_nmi
                0x00000000100001c4                isr_hardfault
                0x00000000100001c6                isr_svcall
                0x00000000100001c8                isr_pendsv
                0x00000000100001ca                isr_systick
                0x00000000100001cc                isr_irq30
                0x00000000100001cc                __unhandled_user_irq
                0x00000000100001cc                isr_irq13
                0x00000000100001cc                isr_irq27
                0x00000000100001cc                isr_irq31
                0x00000000100001cc                isr_irq5
                0x00000000100001cc                isr_irq11
                0x00000000100001cc                isr_irq23
                0x00000000100001cc                isr_irq18
                0x00000000100001cc                isr_irq28
                0x00000000100001cc                isr_irq19
                0x00000000100001cc                isr_irq0
                0x00000000100001cc                isr_irq6
                0x00000000100001cc                isr_irq22
                0x00000000100001cc                isr_irq17
                0x00000000100001cc                isr_irq14
                0x00000000100001cc                isr_irq2
                0x00000000100001cc                isr_irq10
                0x00000000100001cc                isr_irq8
                0x00000000100001cc                isr_irq24
                0x00000000100001cc                isr_irq1
                0x00000000100001cc                isr_irq7
                0x00000000100001cc                isr_irq21
                0x00000000100001cc                isr_irq20
                0x00000000100001cc                isr_irq15
                0x00000000100001cc                isr_irq25
                0x00000000100001cc                isr_irq4
                0x00000000100001cc                isr_irq16
                0x00000000100001cc                isr_irq29
                0x00000000100001cc                isr_irq26
                0x00000000100001cc                __default_isrs_end
                0x00000000100001cc                isr_irq3
                0x00000000100001cc                isr_irq12
                0x00000000100001cc                isr_irq9
                0x00000000100001d2                unhandled_user_irq_num_in_r0
 *(.binary_info_header)
 .binary_info_header
                0x00000000100001d4       0x14 CMakeFiles/pico_lcd_1.14.dir/home/michael/pico/pico-sdk/src/rp2_common/pico_standard_link/crt0.S.obj
                0x00000000100001e8                __binary_info_header_end = .
 *(.reset)
 .reset         0x00000000100001e8       0xa8 CMakeFiles/pico_lcd_1.14.dir/home/michael/pico/pico-sdk/src/rp2_common/pico_standard_link/crt0.S.obj
                0x00000000100001e8                _entry_point
                0x0000000010000266                __get_current_exception
 .reset         0x0000000010000290       0x30 CMakeFiles/pico_lcd_1.14.dir/home/michael/pico/pico-sdk/src/rp2_common/pico_standard_link/binary_info.c.obj
 *(.init)
 .init          0x00000000100002c0        0x4 /usr/lib/gcc/arm-none-eabi/10.3.1/thumb/v6-m/nofp/crti.o
                0x00000000100002c0                _init
 *(EXCLUDE_FILE(*libm.a: *libc.a:*lib_a-mem*.o *libgcc.a:) .text*)
 .text          0x00000000100002c4       0x98 /usr/lib/gcc/arm-none-eabi/10.3.1/thumb/v6-m/nofp/crtbegin.o
 .text.main     0x000000001000035c        0xa CMakeFiles/pico_lcd_1.14.dir/pico_lcd_1.14.c.obj
                0x000000001000035c                main
 *fill*         0x0000000010000366        0x2 
 .text.gpio_set_function
                0x0000000010000368       0x30 CMakeFiles/pico_lcd_1.14.dir/home/michael/pico/pico-sdk/src/rp2_common/hardware_gpio/gpio.c.obj
                0x0000000010000368                gpio_set_function
 .text.gpio_set_pulls
                0x0000000010000398       0x34 CMakeFiles/pico_lcd_1.14.dir/home/michael/pico/pico-sdk/src/rp2_common/hardware_gpio/gpio.c.obj
                0x0000000010000398                gpio_set_pulls
 .text.gpio_init
                0x00000000100003cc       0x16 CMakeFiles/pico_lcd_1.14.dir/home/michael/pico/pico-sdk/src/rp2_common/hardware_gpio/gpio.c.obj
                0x00000000100003cc                gpio_init
 *fill*         0x00000000100003e2        0x2 
 .text.hw_claim_lock
                0x00000000100003e4       0x18 CMakeFiles/pico_lcd_1.14.dir/home/michael/pico/pico-sdk/src/rp2_common/hardware_claim/claim.c.obj
                0x00000000100003e4                hw_claim_lock
 .text.hw_claim_unlock
                0x00000000100003fc       0x14 CMakeFiles/pico_lcd_1.14.dir/home/michael/pico/pico-sdk/src/rp2_common/hardware_claim/claim.c.obj
                0x00000000100003fc                hw_claim_unlock
 .text.hw_claim_or_assert
                0x0000000010000410       0x32 CMakeFiles/pico_lcd_1.14.dir/home/michael/pico/pico-sdk/src/rp2_common/hardware_claim/claim.c.obj
                0x0000000010000410                hw_claim_or_assert
 .text.hw_claim_unused_from_range
                0x0000000010000442       0x50 CMakeFiles/pico_lcd_1.14.dir/home/michael/pico/pico-sdk/src/rp2_common/hardware_claim/claim.c.obj
                0x0000000010000442                hw_claim_unused_from_range
 *fill*         0x0000000010000492        0x2 
 .text.running_on_fpga
                0x0000000010000494       0x14 CMakeFiles/pico_lcd_1.14.dir/home/michael/pico/pico-sdk/src/rp2_common/pico_platform/platform.c.obj
                0x0000000010000494                running_on_fpga
 .text.spin_locks_reset
                0x00000000100004a8       0x20 CMakeFiles/pico_lcd_1.14.dir/home/michael/pico/pico-sdk/src/rp2_common/hardware_sync/sync.c.obj
                0x00000000100004a8                spin_locks_reset
 .text.next_striped_spin_lock_num
                0x00000000100004c8       0x1c CMakeFiles/pico_lcd_1.14.dir/home/michael/pico/pico-sdk/src/rp2_common/hardware_sync/sync.c.obj
                0x00000000100004c8                next_striped_spin_lock_num
 .text.spin_lock_claim_unused
                0x00000000100004e4       0x20 CMakeFiles/pico_lcd_1.14.dir/home/michael/pico/pico-sdk/src/rp2_common/hardware_sync/sync.c.obj
                0x00000000100004e4                spin_lock_claim_unused
 .text.set_raw_irq_handler_and_unlock
                0x0000000010000504       0x28 CMakeFiles/pico_lcd_1.14.dir/home/michael/pico/pico-sdk/src/rp2_common/hardware_irq/irq.c.obj
 .text.make_branch
                0x000000001000052c       0x48 CMakeFiles/pico_lcd_1.14.dir/home/michael/pico/pico-sdk/src/rp2_common/hardware_irq/irq.c.obj
 .text.insert_branch_and_link
                0x0000000010000574       0x40 CMakeFiles/pico_lcd_1.14.dir/home/michael/pico/pico-sdk/src/rp2_common/hardware_irq/irq.c.obj
 .text.irq_is_enabled
                0x00000000100005b4       0x18 CMakeFiles/pico_lcd_1.14.dir/home/michael/pico/pico-sdk/src/rp2_common/hardware_irq/irq.c.obj
                0x00000000100005b4                irq_is_enabled
 .text.irq_set_mask_enabled
                0x00000000100005cc       0x20 CMakeFiles/pico_lcd_1.14.dir/home/michael/pico/pico-sdk/src/rp2_common/hardware_irq/irq.c.obj
                0x00000000100005cc                irq_set_mask_enabled
 .text.irq_set_enabled
                0x00000000100005ec        0xe CMakeFiles/pico_lcd_1.14.dir/home/michael/pico/pico-sdk/src/rp2_common/hardware_irq/irq.c.obj
                0x00000000100005ec                irq_set_enabled
 *fill*         0x00000000100005fa        0x2 
 .text.irq_set_pending
                0x00000000100005fc       0x10 CMakeFiles/pico_lcd_1.14.dir/home/michael/pico/pico-sdk/src/rp2_common/hardware_irq/irq.c.obj
                0x00000000100005fc                irq_set_pending
 .text.irq_get_vtable_handler
                0x000000001000060c       0x10 CMakeFiles/pico_lcd_1.14.dir/home/michael/pico/pico-sdk/src/rp2_common/hardware_irq/irq.c.obj
                0x000000001000060c                irq_get_vtable_handler
 .text.irq_has_shared_handler
                0x000000001000061c       0x24 CMakeFiles/pico_lcd_1.14.dir/home/michael/pico/pico-sdk/src/rp2_common/hardware_irq/irq.c.obj
                0x000000001000061c                irq_has_shared_handler
 .text.irq_set_exclusive_handler
                0x0000000010000640       0x54 CMakeFiles/pico_lcd_1.14.dir/home/michael/pico/pico-sdk/src/rp2_common/hardware_irq/irq.c.obj
                0x0000000010000640                irq_set_exclusive_handler
 .text.irq_add_shared_handler
                0x0000000010000694      0x230 CMakeFiles/pico_lcd_1.14.dir/home/michael/pico/pico-sdk/src/rp2_common/hardware_irq/irq.c.obj
                0x0000000010000694                irq_add_shared_handler
 .text.irq_remove_handler
                0x00000000100008c4      0x1a8 CMakeFiles/pico_lcd_1.14.dir/home/michael/pico/pico-sdk/src/rp2_common/hardware_irq/irq.c.obj
                0x00000000100008c4                irq_remove_handler
 .text.irq_add_tail_to_free_list
                0x0000000010000a6c       0xf0 CMakeFiles/pico_lcd_1.14.dir/home/michael/pico/pico-sdk/src/rp2_common/hardware_irq/irq.c.obj
                0x0000000010000a6c                irq_add_tail_to_free_list
 .text.irq_init_priorities
                0x0000000010000b5c       0x1c CMakeFiles/pico_lcd_1.14.dir/home/michael/pico/pico-sdk/src/rp2_common/hardware_irq/irq.c.obj
                0x0000000010000b5c                irq_init_priorities
 .text.user_irq_claim_unused
                0x0000000010000b78       0x30 CMakeFiles/pico_lcd_1.14.dir/home/michael/pico/pico-sdk/src/rp2_common/hardware_irq/irq.c.obj
                0x0000000010000b78                user_irq_claim_unused
 .text.lock_init
                0x0000000010000ba8       0x10 CMakeFiles/pico_lcd_1.14.dir/home/michael/pico/pico-sdk/src/common/pico_sync/lock_core.c.obj
                0x0000000010000ba8                lock_init
 .text.alarm_pool_post_alloc_init
                0x0000000010000bb8       0x40 CMakeFiles/pico_lcd_1.14.dir/home/michael/pico/pico-sdk/src/common/pico_time/time.c.obj
 .text.sleep_until_callback
                0x0000000010000bf8       0x30 CMakeFiles/pico_lcd_1.14.dir/home/michael/pico/pico-sdk/src/common/pico_time/time.c.obj
 .text.timer_pool_entry_comparator
                0x0000000010000c28       0x7c CMakeFiles/pico_lcd_1.14.dir/home/michael/pico/pico-sdk/src/common/pico_time/time.c.obj
                0x0000000010000c28                timer_pool_entry_comparator
 .text.ph_add_child_node
                0x0000000010000ca4       0xa4 CMakeFiles/pico_lcd_1.14.dir/home/michael/pico/pico-sdk/src/common/pico_time/time.c.obj
 .text.ph_merge_nodes
                0x0000000010000d48       0x3e CMakeFiles/pico_lcd_1.14.dir/home/michael/pico/pico-sdk/src/common/pico_time/time.c.obj
 *fill*         0x0000000010000d86        0x2 
 .text.add_alarm_under_lock
                0x0000000010000d88      0x174 CMakeFiles/pico_lcd_1.14.dir/home/michael/pico/pico-sdk/src/common/pico_time/time.c.obj
 .text.alarm_pool_alarm_callback
                0x0000000010000efc      0x328 CMakeFiles/pico_lcd_1.14.dir/home/michael/pico/pico-sdk/src/common/pico_time/time.c.obj
 .text.alarm_pool_init_default
                0x0000000010001224       0x38 CMakeFiles/pico_lcd_1.14.dir/home/michael/pico/pico-sdk/src/common/pico_time/time.c.obj
                0x0000000010001224                alarm_pool_init_default
 .text.alarm_pool_get_default
                0x000000001000125c       0x2c CMakeFiles/pico_lcd_1.14.dir/home/michael/pico/pico-sdk/src/common/pico_time/time.c.obj
                0x000000001000125c                alarm_pool_get_default
 .text.alarm_pool_add_alarm_at
                0x0000000010001288      0x170 CMakeFiles/pico_lcd_1.14.dir/home/michael/pico/pico-sdk/src/common/pico_time/time.c.obj
                0x0000000010001288                alarm_pool_add_alarm_at
 .text.alarm_pool_cancel_alarm
                0x00000000100013f8       0xf0 CMakeFiles/pico_lcd_1.14.dir/home/michael/pico/pico-sdk/src/common/pico_time/time.c.obj
                0x00000000100013f8                alarm_pool_cancel_alarm
 .text.sleep_until
                0x00000000100014e8       0xfc CMakeFiles/pico_lcd_1.14.dir/home/michael/pico/pico-sdk/src/common/pico_time/time.c.obj
                0x00000000100014e8                sleep_until
 .text.sleep_us
                0x00000000100015e4       0x58 CMakeFiles/pico_lcd_1.14.dir/home/michael/pico/pico-sdk/src/common/pico_time/time.c.obj
                0x00000000100015e4                sleep_us
 .text.sleep_ms
                0x000000001000163c       0x14 CMakeFiles/pico_lcd_1.14.dir/home/michael/pico/pico-sdk/src/common/pico_time/time.c.obj
                0x000000001000163c                sleep_ms
 .text.best_effort_wfe_or_timeout
                0x0000000010001650       0x80 CMakeFiles/pico_lcd_1.14.dir/home/michael/pico/pico-sdk/src/common/pico_time/time.c.obj
                0x0000000010001650                best_effort_wfe_or_timeout
 .text.hardware_alarm_irq_handler
                0x00000000100016d0       0x8c CMakeFiles/pico_lcd_1.14.dir/home/michael/pico/pico-sdk/src/rp2_common/hardware_timer/timer.c.obj
 .text.hardware_alarm_claim
                0x000000001000175c       0x18 CMakeFiles/pico_lcd_1.14.dir/home/michael/pico/pico-sdk/src/rp2_common/hardware_timer/timer.c.obj
                0x000000001000175c                hardware_alarm_claim
 .text.time_us_64
                0x0000000010001774       0x18 CMakeFiles/pico_lcd_1.14.dir/home/michael/pico/pico-sdk/src/rp2_common/hardware_timer/timer.c.obj
                0x0000000010001774                time_us_64
 .text.busy_wait_until
                0x000000001000178c       0x28 CMakeFiles/pico_lcd_1.14.dir/home/michael/pico/pico-sdk/src/rp2_common/hardware_timer/timer.c.obj
                0x000000001000178c                busy_wait_until
 .text.hardware_alarm_set_callback
                0x00000000100017b4       0x90 CMakeFiles/pico_lcd_1.14.dir/home/michael/pico/pico-sdk/src/rp2_common/hardware_timer/timer.c.obj
                0x00000000100017b4                hardware_alarm_set_callback
 .text.hardware_alarm_set_target
                0x0000000010001844       0xe8 CMakeFiles/pico_lcd_1.14.dir/home/michael/pico/pico-sdk/src/rp2_common/hardware_timer/timer.c.obj
                0x0000000010001844                hardware_alarm_set_target
 .text.hardware_alarm_cancel
                0x000000001000192c       0x40 CMakeFiles/pico_lcd_1.14.dir/home/michael/pico/pico-sdk/src/rp2_common/hardware_timer/timer.c.obj
                0x000000001000192c                hardware_alarm_cancel
 .text.ph_add_child_node
                0x000000001000196c       0xa4 CMakeFiles/pico_lcd_1.14.dir/home/michael/pico/pico-sdk/src/common/pico_util/pheap.c.obj
 .text.ph_merge_nodes
                0x0000000010001a10       0x3e CMakeFiles/pico_lcd_1.14.dir/home/michael/pico/pico-sdk/src/common/pico_util/pheap.c.obj
 *fill*         0x0000000010001a4e        0x2 
 .text.ph_clear
                0x0000000010001a50       0x70 CMakeFiles/pico_lcd_1.14.dir/home/michael/pico/pico-sdk/src/common/pico_util/pheap.c.obj
                0x0000000010001a50                ph_clear
 .text.ph_post_alloc_init
                0x0000000010001ac0        0xe CMakeFiles/pico_lcd_1.14.dir/home/michael/pico/pico-sdk/src/common/pico_util/pheap.c.obj
                0x0000000010001ac0                ph_post_alloc_init
 *fill*         0x0000000010001ace        0x2 
 .text.ph_merge_two_pass
                0x0000000010001ad0       0xa8 CMakeFiles/pico_lcd_1.14.dir/home/michael/pico/pico-sdk/src/common/pico_util/pheap.c.obj
                0x0000000010001ad0                ph_merge_two_pass
 .text.ph_remove_any_head
                0x0000000010001b78      0x108 CMakeFiles/pico_lcd_1.14.dir/home/michael/pico/pico-sdk/src/common/pico_util/pheap.c.obj
 .text.ph_remove_head
                0x0000000010001c80       0x14 CMakeFiles/pico_lcd_1.14.dir/home/michael/pico/pico-sdk/src/common/pico_util/pheap.c.obj
                0x0000000010001c80                ph_remove_head
 .text.ph_remove_and_free_node
                0x0000000010001c94       0xf8 CMakeFiles/pico_lcd_1.14.dir/home/michael/pico/pico-sdk/src/common/pico_util/pheap.c.obj
                0x0000000010001c94                ph_remove_and_free_node
 .text.mutex_init
                0x0000000010001d8c       0x1a CMakeFiles/pico_lcd_1.14.dir/home/michael/pico/pico-sdk/src/common/pico_sync/mutex.c.obj
                0x0000000010001d8c                mutex_init
 .text.recursive_mutex_init
                0x0000000010001da6       0x1e CMakeFiles/pico_lcd_1.14.dir/home/michael/pico/pico-sdk/src/common/pico_sync/mutex.c.obj
                0x0000000010001da6                recursive_mutex_init
 .text.critical_section_init_with_lock_num
                0x0000000010001dc4       0x14 CMakeFiles/pico_lcd_1.14.dir/home/michael/pico/pico-sdk/src/common/pico_sync/critical_section.c.obj
                0x0000000010001dc4                critical_section_init_with_lock_num
 .text.critical_section_init
                0x0000000010001dd8       0x14 CMakeFiles/pico_lcd_1.14.dir/home/michael/pico/pico-sdk/src/common/pico_sync/critical_section.c.obj
                0x0000000010001dd8                critical_section_init
 .text._exit    0x0000000010001dec        0x4 CMakeFiles/pico_lcd_1.14.dir/home/michael/pico/pico-sdk/src/rp2_common/pico_runtime/runtime.c.obj
                0x0000000010001dec                _exit
 .text._sbrk    0x0000000010001df0       0x38 CMakeFiles/pico_lcd_1.14.dir/home/michael/pico/pico-sdk/src/rp2_common/pico_runtime/runtime.c.obj
                0x0000000010001df0                _sbrk
 .text.exit     0x0000000010001e28        0x6 CMakeFiles/pico_lcd_1.14.dir/home/michael/pico/pico-sdk/src/rp2_common/pico_runtime/runtime.c.obj
                0x0000000010001e28                exit
 *fill*         0x0000000010001e2e        0x2 
 .text.__assert_func
                0x0000000010001e30       0x3c CMakeFiles/pico_lcd_1.14.dir/home/michael/pico/pico-sdk/src/rp2_common/pico_runtime/runtime.c.obj
                0x0000000010001e30                __assert_func
 .text.runtime_init
                0x0000000010001e6c       0xf8 CMakeFiles/pico_lcd_1.14.dir/home/michael/pico/pico-sdk/src/rp2_common/pico_runtime/runtime.c.obj
                0x0000000010001e6c                runtime_init
 .text.panic    0x0000000010001f64       0x30 CMakeFiles/pico_lcd_1.14.dir/home/michael/pico/pico-sdk/src/rp2_common/pico_runtime/runtime.c.obj
                0x0000000010001f64                panic
 .text.clock_configure
                0x0000000010001f94      0x104 CMakeFiles/pico_lcd_1.14.dir/home/michael/pico/pico-sdk/src/rp2_common/hardware_clocks/clocks.c.obj
                0x0000000010001f94                clock_configure
 .text.clocks_init
                0x0000000010002098      0x100 CMakeFiles/pico_lcd_1.14.dir/home/michael/pico/pico-sdk/src/rp2_common/hardware_clocks/clocks.c.obj
                0x0000000010002098                clocks_init
 .text.clock_get_hz
                0x0000000010002198        0xc CMakeFiles/pico_lcd_1.14.dir/home/michael/pico/pico-sdk/src/rp2_common/hardware_clocks/clocks.c.obj
                0x0000000010002198                clock_get_hz
 .text.pll_init
                0x00000000100021a4      0x140 CMakeFiles/pico_lcd_1.14.dir/home/michael/pico/pico-sdk/src/rp2_common/hardware_pll/pll.c.obj
                0x00000000100021a4                pll_init
 .text.watchdog_start_tick
                0x00000000100022e4       0x10 CMakeFiles/pico_lcd_1.14.dir/home/michael/pico/pico-sdk/src/rp2_common/hardware_watchdog/watchdog.c.obj
                0x00000000100022e4                watchdog_start_tick
 .text.watchdog_update
                0x00000000100022f4       0x14 CMakeFiles/pico_lcd_1.14.dir/home/michael/pico/pico-sdk/src/rp2_common/hardware_watchdog/watchdog.c.obj
                0x00000000100022f4                watchdog_update
 .text._watchdog_enable
                0x0000000010002308       0x78 CMakeFiles/pico_lcd_1.14.dir/home/michael/pico/pico-sdk/src/rp2_common/hardware_watchdog/watchdog.c.obj
                0x0000000010002308                _watchdog_enable
 .text.watchdog_reboot
                0x0000000010002380       0x48 CMakeFiles/pico_lcd_1.14.dir/home/michael/pico/pico-sdk/src/rp2_common/hardware_watchdog/watchdog.c.obj
                0x0000000010002380                watchdog_reboot
 .text.xosc_init
                0x00000000100023c8       0x28 CMakeFiles/pico_lcd_1.14.dir/home/michael/pico/pico-sdk/src/rp2_common/hardware_xosc/xosc.c.obj
                0x00000000100023c8                xosc_init
 .text._out_buffer
                0x00000000100023f0        0x8 CMakeFiles/pico_lcd_1.14.dir/home/michael/pico/pico-sdk/src/rp2_common/pico_printf/printf.c.obj
 .text._out_null
                0x00000000100023f8        0x2 CMakeFiles/pico_lcd_1.14.dir/home/michael/pico/pico-sdk/src/rp2_common/pico_printf/printf.c.obj
 .text._out_fct
                0x00000000100023fa        0xe CMakeFiles/pico_lcd_1.14.dir/home/michael/pico/pico-sdk/src/rp2_common/pico_printf/printf.c.obj
 .text._atoi    0x0000000010002408       0x24 CMakeFiles/pico_lcd_1.14.dir/home/michael/pico/pico-sdk/src/rp2_common/pico_printf/printf.c.obj
 .text._out_rev
                0x000000001000242c       0xae CMakeFiles/pico_lcd_1.14.dir/home/michael/pico/pico-sdk/src/rp2_common/pico_printf/printf.c.obj
 .text._ntoa_format
                0x00000000100024da      0x112 CMakeFiles/pico_lcd_1.14.dir/home/michael/pico/pico-sdk/src/rp2_common/pico_printf/printf.c.obj
 .text._ntoa_long
                0x00000000100025ec       0xbc CMakeFiles/pico_lcd_1.14.dir/home/michael/pico/pico-sdk/src/rp2_common/pico_printf/printf.c.obj
 .text._ntoa_long_long
                0x00000000100026a8       0xe2 CMakeFiles/pico_lcd_1.14.dir/home/michael/pico/pico-sdk/src/rp2_common/pico_printf/printf.c.obj
 *fill*         0x000000001000278a        0x2 
 .text._etoa    0x000000001000278c      0x414 CMakeFiles/pico_lcd_1.14.dir/home/michael/pico/pico-sdk/src/rp2_common/pico_printf/printf.c.obj
 .text._ftoa    0x0000000010002ba0      0x354 CMakeFiles/pico_lcd_1.14.dir/home/michael/pico/pico-sdk/src/rp2_common/pico_printf/printf.c.obj
 .text._vsnprintf
                0x0000000010002ef4      0x624 CMakeFiles/pico_lcd_1.14.dir/home/michael/pico/pico-sdk/src/rp2_common/pico_printf/printf.c.obj
 .text.__wrap_sprintf
                0x0000000010003518       0x28 CMakeFiles/pico_lcd_1.14.dir/home/michael/pico/pico-sdk/src/rp2_common/pico_printf/printf.c.obj
                0x0000000010003518                __wrap_sprintf
 .text.vfctprintf
                0x0000000010003540       0x20 CMakeFiles/pico_lcd_1.14.dir/home/michael/pico/pico-sdk/src/rp2_common/pico_printf/printf.c.obj
                0x0000000010003540                vfctprintf
 .text          0x0000000010003560       0x10 CMakeFiles/pico_lcd_1.14.dir/home/michael/pico/pico-sdk/src/rp2_common/pico_bit_ops/bit_ops_aeabi.S.obj
 .text.rom_func_lookup
                0x0000000010003570       0x10 CMakeFiles/pico_lcd_1.14.dir/home/michael/pico/pico-sdk/src/rp2_common/pico_bootrom/bootrom.c.obj
                0x0000000010003570                rom_func_lookup
 .text.rom_data_lookup
                0x0000000010003580       0x10 CMakeFiles/pico_lcd_1.14.dir/home/michael/pico/pico-sdk/src/rp2_common/pico_bootrom/bootrom.c.obj
                0x0000000010003580                rom_data_lookup
 .text.rom_funcs_lookup
                0x0000000010003590       0x36 CMakeFiles/pico_lcd_1.14.dir/home/michael/pico/pico-sdk/src/rp2_common/pico_bootrom/bootrom.c.obj
                0x0000000010003590                rom_funcs_lookup
 *fill*         0x00000000100035c6        0x2 
 .text.__wrap___aeabi_idiv
                0x00000000100035c8       0x50 CMakeFiles/pico_lcd_1.14.dir/home/michael/pico/pico-sdk/src/rp2_common/pico_divider/divider.S.obj
                0x00000000100035c8                __wrap___aeabi_idivmod
                0x00000000100035c8                divmod_s32s32
                0x00000000100035c8                div_s32s32
                0x00000000100035c8                __wrap___aeabi_idiv
                0x00000000100035d0                divmod_s32s32_unsafe
                0x00000000100035fc                divmod_s32s32_savestate
 .text.__wrap___aeabi_uidiv
                0x0000000010003618       0x4c CMakeFiles/pico_lcd_1.14.dir/home/michael/pico/pico-sdk/src/rp2_common/pico_divider/divider.S.obj
                0x0000000010003618                __wrap___aeabi_uidiv
                0x0000000010003618                __wrap___aeabi_uidivmod
                0x0000000010003618                div_u32u32
                0x0000000010003618                divmod_u32u32
                0x0000000010003620                divmod_u32u32_unsafe
                0x0000000010003648                divmod_u32u32_savestate
 .text.__wrap___aeabi_ldiv
                0x0000000010003664      0x434 CMakeFiles/pico_lcd_1.14.dir/home/michael/pico/pico-sdk/src/rp2_common/pico_divider/divider.S.obj
                0x0000000010003664                div_s64s64
                0x0000000010003664                divmod_s64s64
                0x0000000010003664                __wrap___aeabi_ldivmod
                0x000000001000369c                div_u64u64
                0x000000001000369c                divmod_u64u64
                0x000000001000369c                __wrap___aeabi_uldivmod
                0x00000000100036ac                divmod_u64u64_savestate
                0x00000000100036d4                divmod_s64s64_unsafe
                0x000000001000375c                divmod_u64u64_unsafe
 .text.__wrap___aeabi_darithmetic
                0x0000000010003a98       0x80 CMakeFiles/pico_lcd_1.14.dir/home/michael/pico/pico-sdk/src/rp2_common/pico_double/double_aeabi.S.obj
                0x0000000010003a98                __wrap___aeabi_drsub
                0x0000000010003a9e                __wrap___aeabi_dsub
                0x0000000010003ab0                __wrap___aeabi_dadd
                0x0000000010003ac2                __wrap___aeabi_ddiv
                0x0000000010003afe                __wrap___aeabi_dmul
 .text.__wrap___aeabi_cdcmple
                0x0000000010003b18       0x6c CMakeFiles/pico_lcd_1.14.dir/home/michael/pico/pico-sdk/src/rp2_common/pico_double/double_aeabi.S.obj
                0x0000000010003b18                __wrap___aeabi_cdrcmple
                0x0000000010003b28                __wrap___aeabi_cdcmple
                0x0000000010003b28                __wrap___aeabi_cdcmpeq
 .text.__wrap___aeabi_dcmplt
                0x0000000010003b84        0xc CMakeFiles/pico_lcd_1.14.dir/home/michael/pico/pico-sdk/src/rp2_common/pico_double/double_aeabi.S.obj
                0x0000000010003b84                __wrap___aeabi_dcmplt
 .text.__wrap___aeabi_dcmple
                0x0000000010003b90       0x10 CMakeFiles/pico_lcd_1.14.dir/home/michael/pico/pico-sdk/src/rp2_common/pico_double/double_aeabi.S.obj
                0x0000000010003b90                __wrap___aeabi_dcmple
 .text.__wrap___aeabi_dcmpge
                0x0000000010003ba0       0x10 CMakeFiles/pico_lcd_1.14.dir/home/michael/pico/pico-sdk/src/rp2_common/pico_double/double_aeabi.S.obj
                0x0000000010003ba0                __wrap___aeabi_dcmpge
 .text.__wrap___aeabi_dcmpgt
                0x0000000010003bb0        0xa CMakeFiles/pico_lcd_1.14.dir/home/michael/pico/pico-sdk/src/rp2_common/pico_double/double_aeabi.S.obj
                0x0000000010003bb0                __wrap___aeabi_dcmpgt
 .text.__wrap___aeabi_dcmpun
                0x0000000010003bba       0x1c CMakeFiles/pico_lcd_1.14.dir/home/michael/pico/pico-sdk/src/rp2_common/pico_double/double_aeabi.S.obj
                0x0000000010003bba                __wrap___aeabi_dcmpun
 *fill*         0x0000000010003bd6        0x2 
 .text.__wrap___aeabi_i2d
                0x0000000010003bd8       0x38 CMakeFiles/pico_lcd_1.14.dir/home/michael/pico/pico-sdk/src/rp2_common/pico_double/double_aeabi.S.obj
                0x0000000010003bd8                __wrap___aeabi_ui2d
                0x0000000010003be0                __wrap___aeabi_i2d
 .text.__wrap___aeabi_d2iz
                0x0000000010003c10       0x48 CMakeFiles/pico_lcd_1.14.dir/home/michael/pico/pico-sdk/src/rp2_common/pico_double/double_aeabi.S.obj
                0x0000000010003c10                __wrap___aeabi_d2iz
                0x0000000010003c10                double2int_z
 .text.__wrap___aeabi_d2uiz
                0x0000000010003c58       0x18 CMakeFiles/pico_lcd_1.14.dir/home/michael/pico/pico-sdk/src/rp2_common/pico_double/double_aeabi.S.obj
                0x0000000010003c58                double2uint
                0x0000000010003c58                __wrap___aeabi_d2uiz
 .text.__aeabi_double_init
                0x0000000010003c70       0xc8 CMakeFiles/pico_lcd_1.14.dir/home/michael/pico/pico-sdk/src/rp2_common/pico_double/double_init_rom.c.obj
                0x0000000010003c70                __aeabi_double_init
 .text.double_table_shim_on_use_helper
                0x0000000010003d38       0x34 CMakeFiles/pico_lcd_1.14.dir/home/michael/pico/pico-sdk/src/rp2_common/pico_double/double_v1_rom_shim.S.obj
                0x0000000010003d38                double_table_shim_on_use_helper
 .text.__wrap___aeabi_dsub
                0x0000000010003d6c       0x10 CMakeFiles/pico_lcd_1.14.dir/home/michael/pico/pico-sdk/src/rp2_common/pico_double/double_v1_rom_shim.S.obj
                0x0000000010003d6c                drsub_shim
                0x0000000010003d72                dsub_shim
 .text.dadd_shim
                0x0000000010003d7c      0x15c CMakeFiles/pico_lcd_1.14.dir/home/michael/pico/pico-sdk/src/rp2_common/pico_double/double_v1_rom_shim.S.obj
                0x0000000010003d7c                dadd_shim
 .text.dmul_shim
                0x0000000010003ed8      0x15c CMakeFiles/pico_lcd_1.14.dir/home/michael/pico/pico-sdk/src/rp2_common/pico_double/double_v1_rom_shim.S.obj
                0x0000000010003ed8                dmul_shim
 .text.ddiv_shim
                0x0000000010004034      0x1b0 CMakeFiles/pico_lcd_1.14.dir/home/michael/pico/pico-sdk/src/rp2_common/pico_double/double_v1_rom_shim.S.obj
                0x0000000010004034                ddiv_shim
 .text.double2uint_shim
                0x00000000100041e4        0xe CMakeFiles/pico_lcd_1.14.dir/home/michael/pico/pico-sdk/src/rp2_common/pico_double/double_v1_rom_shim.S.obj
                0x00000000100041e4                double2uint_shim
                0x00000000100041e6                double2ufix_shim
 *fill*         0x00000000100041f2        0x2 
 .text.double2uint64_shim
                0x00000000100041f4       0x70 CMakeFiles/pico_lcd_1.14.dir/home/michael/pico/pico-sdk/src/rp2_common/pico_double/double_v1_rom_shim.S.obj
                0x00000000100041f4                double2uint64_shim
                0x00000000100041f6                double2ufix64_shim
                0x0000000010004216                d2fix_a
 .text.dunpacks
                0x0000000010004264       0x3c CMakeFiles/pico_lcd_1.14.dir/home/michael/pico/pico-sdk/src/rp2_common/pico_double/double_v1_rom_shim.S.obj
                0x0000000010004264                dunpacks
 .text.__aeabi_lmul
                0x00000000100042a0       0x32 CMakeFiles/pico_lcd_1.14.dir/home/michael/pico/pico-sdk/src/rp2_common/pico_int64_ops/pico_int64_ops_aeabi.S.obj
                0x00000000100042a0                __wrap___aeabi_lmul
 *fill*         0x00000000100042d2        0x2 
 .text.__aeabi_float_init
                0x00000000100042d4       0xfc CMakeFiles/pico_lcd_1.14.dir/home/michael/pico/pico-sdk/src/rp2_common/pico_float/float_init_rom.c.obj
                0x00000000100042d4                __aeabi_float_init
 .text.float_table_shim_on_use_helper
                0x00000000100043d0       0x34 CMakeFiles/pico_lcd_1.14.dir/home/michael/pico/pico-sdk/src/rp2_common/pico_float/float_v1_rom_shim.S.obj
                0x00000000100043d0                float_table_shim_on_use_helper
 .text.__wrap_malloc
                0x0000000010004404       0x24 CMakeFiles/pico_lcd_1.14.dir/home/michael/pico/pico-sdk/src/rp2_common/pico_malloc/pico_malloc.c.obj
                0x0000000010004404                __wrap_malloc
 .text.__wrap_free
                0x0000000010004428        0x8 CMakeFiles/pico_lcd_1.14.dir/home/michael/pico/pico-sdk/src/rp2_common/pico_malloc/pico_malloc.c.obj
                0x0000000010004428                __wrap_free
 .text          0x0000000010004430       0x10 CMakeFiles/pico_lcd_1.14.dir/home/michael/pico/pico-sdk/src/rp2_common/pico_mem_ops/mem_ops_aeabi.S.obj
                0x0000000010004430                __aeabi_mem_init
 .text.memset   0x0000000010004440        0xc CMakeFiles/pico_lcd_1.14.dir/home/michael/pico/pico-sdk/src/rp2_common/pico_mem_ops/mem_ops_aeabi.S.obj
                0x0000000010004440                __wrap_memset
 .text.memcpy   0x000000001000444c        0xc CMakeFiles/pico_lcd_1.14.dir/home/michael/pico/pico-sdk/src/rp2_common/pico_mem_ops/mem_ops_aeabi.S.obj
                0x000000001000444c                __wrap___aeabi_memcpy
                0x000000001000444c                __wrap_memcpy
 .text.stdio_out_chars_no_crlf
                0x0000000010004458        0xe CMakeFiles/pico_lcd_1.14.dir/home/michael/pico/pico-sdk/src/rp2_common/pico_stdio/stdio.c.obj
 *fill*         0x0000000010004466        0x2 
 .text.stdio_out_chars_crlf
                0x0000000010004468       0x80 CMakeFiles/pico_lcd_1.14.dir/home/michael/pico/pico-sdk/src/rp2_common/pico_stdio/stdio.c.obj
 .text.stdio_stack_buffer_flush
                0x00000000100044e8       0x44 CMakeFiles/pico_lcd_1.14.dir/home/michael/pico/pico-sdk/src/rp2_common/pico_stdio/stdio.c.obj
 .text.stdio_buffered_printer
                0x000000001000452c       0x20 CMakeFiles/pico_lcd_1.14.dir/home/michael/pico/pico-sdk/src/rp2_common/pico_stdio/stdio.c.obj
 .text.stdout_serialize_begin
                0x000000001000454c       0x30 CMakeFiles/pico_lcd_1.14.dir/home/michael/pico/pico-sdk/src/rp2_common/pico_stdio/stdio.c.obj
                0x000000001000454c                stdout_serialize_begin
 .text.stdout_serialize_end
                0x000000001000457c       0x10 CMakeFiles/pico_lcd_1.14.dir/home/michael/pico/pico-sdk/src/rp2_common/pico_stdio/stdio.c.obj
                0x000000001000457c                stdout_serialize_end
 .text.stdio_put_string
                0x000000001000458c       0x98 CMakeFiles/pico_lcd_1.14.dir/home/michael/pico/pico-sdk/src/rp2_common/pico_stdio/stdio.c.obj
 .text.stdio_set_driver_enabled
                0x0000000010004624       0x2c CMakeFiles/pico_lcd_1.14.dir/home/michael/pico/pico-sdk/src/rp2_common/pico_stdio/stdio.c.obj
                0x0000000010004624                stdio_set_driver_enabled
 .text.stdio_flush
                0x0000000010004650       0x20 CMakeFiles/pico_lcd_1.14.dir/home/michael/pico/pico-sdk/src/rp2_common/pico_stdio/stdio.c.obj
                0x0000000010004650                stdio_flush
 .text.__wrap_puts
                0x0000000010004670       0x1e CMakeFiles/pico_lcd_1.14.dir/home/michael/pico/pico-sdk/src/rp2_common/pico_stdio/stdio.c.obj
                0x0000000010004670                __wrap_puts
 *fill*         0x000000001000468e        0x2 
 .text.__wrap_vprintf
                0x0000000010004690       0x44 CMakeFiles/pico_lcd_1.14.dir/home/michael/pico/pico-sdk/src/rp2_common/pico_stdio/stdio.c.obj
                0x0000000010004690                __wrap_vprintf
 .text.__wrap_printf
                0x00000000100046d4       0x18 CMakeFiles/pico_lcd_1.14.dir/home/michael/pico/pico-sdk/src/rp2_common/pico_stdio/stdio.c.obj
                0x00000000100046d4                __wrap_printf
 .text.stdio_init_all
                0x00000000100046ec        0x8 CMakeFiles/pico_lcd_1.14.dir/home/michael/pico/pico-sdk/src/rp2_common/pico_stdio/stdio.c.obj
                0x00000000100046ec                stdio_init_all
 .text.resetd_init
                0x00000000100046f4        0x2 CMakeFiles/pico_lcd_1.14.dir/home/michael/pico/pico-sdk/src/rp2_common/pico_stdio_usb/reset_interface.c.obj
 *fill*         0x00000000100046f6        0x2 
 .text.resetd_reset
                0x00000000100046f8        0xc CMakeFiles/pico_lcd_1.14.dir/home/michael/pico/pico-sdk/src/rp2_common/pico_stdio_usb/reset_interface.c.obj
 .text.resetd_open
                0x0000000010004704       0x34 CMakeFiles/pico_lcd_1.14.dir/home/michael/pico/pico-sdk/src/rp2_common/pico_stdio_usb/reset_interface.c.obj
 .text.resetd_xfer_cb
                0x0000000010004738        0x4 CMakeFiles/pico_lcd_1.14.dir/home/michael/pico/pico-sdk/src/rp2_common/pico_stdio_usb/reset_interface.c.obj
 .text.reset_usb_boot
                0x000000001000473c       0x18 CMakeFiles/pico_lcd_1.14.dir/home/michael/pico/pico-sdk/src/rp2_common/pico_stdio_usb/reset_interface.c.obj
 .text.resetd_control_xfer_cb
                0x0000000010004754       0x5c CMakeFiles/pico_lcd_1.14.dir/home/michael/pico/pico-sdk/src/rp2_common/pico_stdio_usb/reset_interface.c.obj
 .text.usbd_app_driver_get_cb
                0x00000000100047b0        0xc CMakeFiles/pico_lcd_1.14.dir/home/michael/pico/pico-sdk/src/rp2_common/pico_stdio_usb/reset_interface.c.obj
                0x00000000100047b0                usbd_app_driver_get_cb
 .text.tud_cdc_line_coding_cb
                0x00000000100047bc       0x28 CMakeFiles/pico_lcd_1.14.dir/home/michael/pico/pico-sdk/src/rp2_common/pico_stdio_usb/reset_interface.c.obj
                0x00000000100047bc                tud_cdc_line_coding_cb
 .text.stdio_usb_in_chars
                0x00000000100047e4       0x70 CMakeFiles/pico_lcd_1.14.dir/home/michael/pico/pico-sdk/src/rp2_common/pico_stdio_usb/stdio_usb.c.obj
                0x00000000100047e4                stdio_usb_in_chars
 .text.low_priority_worker_irq
                0x0000000010004854       0x20 CMakeFiles/pico_lcd_1.14.dir/home/michael/pico/pico-sdk/src/rp2_common/pico_stdio_usb/stdio_usb.c.obj
 .text.stdio_usb_out_chars
                0x0000000010004874       0xd4 CMakeFiles/pico_lcd_1.14.dir/home/michael/pico/pico-sdk/src/rp2_common/pico_stdio_usb/stdio_usb.c.obj
 .text.timer_task
                0x0000000010004948       0x40 CMakeFiles/pico_lcd_1.14.dir/home/michael/pico/pico-sdk/src/rp2_common/pico_stdio_usb/stdio_usb.c.obj
 .text.usb_irq  0x0000000010004988       0x10 CMakeFiles/pico_lcd_1.14.dir/home/michael/pico/pico-sdk/src/rp2_common/pico_stdio_usb/stdio_usb.c.obj
 .text.stdio_usb_init
                0x0000000010004998       0xec CMakeFiles/pico_lcd_1.14.dir/home/michael/pico/pico-sdk/src/rp2_common/pico_stdio_usb/stdio_usb.c.obj
                0x0000000010004998                stdio_usb_init
 .text.tud_descriptor_device_cb
                0x0000000010004a84        0x8 CMakeFiles/pico_lcd_1.14.dir/home/michael/pico/pico-sdk/src/rp2_common/pico_stdio_usb/stdio_usb_descriptors.c.obj
                0x0000000010004a84                tud_descriptor_device_cb
 .text.tud_descriptor_configuration_cb
                0x0000000010004a8c        0x8 CMakeFiles/pico_lcd_1.14.dir/home/michael/pico/pico-sdk/src/rp2_common/pico_stdio_usb/stdio_usb_descriptors.c.obj
                0x0000000010004a8c                tud_descriptor_configuration_cb
 .text.tud_descriptor_string_cb
                0x0000000010004a94       0x6c CMakeFiles/pico_lcd_1.14.dir/home/michael/pico/pico-sdk/src/rp2_common/pico_stdio_usb/stdio_usb_descriptors.c.obj
                0x0000000010004a94                tud_descriptor_string_cb
 .text.hw_endpoint_get_by_addr
                0x0000000010004b00       0x18 CMakeFiles/pico_lcd_1.14.dir/home/michael/pico/pico-sdk/lib/tinyusb/src/portable/raspberrypi/rp2040/dcd_rp2040.c.obj
 .text.reset_ep0_pid
                0x0000000010004b18       0x28 CMakeFiles/pico_lcd_1.14.dir/home/michael/pico/pico-sdk/lib/tinyusb/src/portable/raspberrypi/rp2040/dcd_rp2040.c.obj
 .text._hw_endpoint_alloc
                0x0000000010004b40       0x70 CMakeFiles/pico_lcd_1.14.dir/home/michael/pico/pico-sdk/lib/tinyusb/src/portable/raspberrypi/rp2040/dcd_rp2040.c.obj
 .text.hw_endpoint_init
                0x0000000010004bb0       0x88 CMakeFiles/pico_lcd_1.14.dir/home/michael/pico/pico-sdk/lib/tinyusb/src/portable/raspberrypi/rp2040/dcd_rp2040.c.obj
 .text.reset_non_control_endpoints
                0x0000000010004c38       0x40 CMakeFiles/pico_lcd_1.14.dir/home/michael/pico/pico-sdk/lib/tinyusb/src/portable/raspberrypi/rp2040/dcd_rp2040.c.obj
 .text.hw_handle_buff_status
                0x0000000010004c78       0x8c CMakeFiles/pico_lcd_1.14.dir/home/michael/pico/pico-sdk/lib/tinyusb/src/portable/raspberrypi/rp2040/dcd_rp2040.c.obj
 .text.dcd_rp2040_irq
                0x0000000010004d04       0xc0 CMakeFiles/pico_lcd_1.14.dir/home/michael/pico/pico-sdk/lib/tinyusb/src/portable/raspberrypi/rp2040/dcd_rp2040.c.obj
 .text.hw_endpoint_xfer
                0x0000000010004dc4       0x14 CMakeFiles/pico_lcd_1.14.dir/home/michael/pico/pico-sdk/lib/tinyusb/src/portable/raspberrypi/rp2040/dcd_rp2040.c.obj
 .text.dcd_int_enable
                0x0000000010004dd8       0x2c CMakeFiles/pico_lcd_1.14.dir/home/michael/pico/pico-sdk/lib/tinyusb/src/portable/raspberrypi/rp2040/dcd_rp2040.c.obj
                0x0000000010004dd8                dcd_int_enable
 .text.dcd_set_address
                0x0000000010004e04       0x2c CMakeFiles/pico_lcd_1.14.dir/home/michael/pico/pico-sdk/lib/tinyusb/src/portable/raspberrypi/rp2040/dcd_rp2040.c.obj
                0x0000000010004e04                dcd_set_address
 .text.dcd_connect
                0x0000000010004e30       0x10 CMakeFiles/pico_lcd_1.14.dir/home/michael/pico/pico-sdk/lib/tinyusb/src/portable/raspberrypi/rp2040/dcd_rp2040.c.obj
                0x0000000010004e30                dcd_connect
 .text.dcd_init
                0x0000000010004e40       0x7c CMakeFiles/pico_lcd_1.14.dir/home/michael/pico/pico-sdk/lib/tinyusb/src/portable/raspberrypi/rp2040/dcd_rp2040.c.obj
                0x0000000010004e40                dcd_init
 .text.dcd_edpt0_status_complete
                0x0000000010004ebc       0x1c CMakeFiles/pico_lcd_1.14.dir/home/michael/pico/pico-sdk/lib/tinyusb/src/portable/raspberrypi/rp2040/dcd_rp2040.c.obj
                0x0000000010004ebc                dcd_edpt0_status_complete
 .text.dcd_edpt_open
                0x0000000010004ed8       0x40 CMakeFiles/pico_lcd_1.14.dir/home/michael/pico/pico-sdk/lib/tinyusb/src/portable/raspberrypi/rp2040/dcd_rp2040.c.obj
                0x0000000010004ed8                dcd_edpt_open
 .text.dcd_edpt_close_all
                0x0000000010004f18        0x8 CMakeFiles/pico_lcd_1.14.dir/home/michael/pico/pico-sdk/lib/tinyusb/src/portable/raspberrypi/rp2040/dcd_rp2040.c.obj
                0x0000000010004f18                dcd_edpt_close_all
 .text.dcd_edpt_xfer
                0x0000000010004f20       0x30 CMakeFiles/pico_lcd_1.14.dir/home/michael/pico/pico-sdk/lib/tinyusb/src/portable/raspberrypi/rp2040/dcd_rp2040.c.obj
                0x0000000010004f20                dcd_edpt_xfer
 .text.dcd_edpt_stall
                0x0000000010004f50       0x2c CMakeFiles/pico_lcd_1.14.dir/home/michael/pico/pico-sdk/lib/tinyusb/src/portable/raspberrypi/rp2040/dcd_rp2040.c.obj
                0x0000000010004f50                dcd_edpt_stall
 .text.dcd_edpt_clear_stall
                0x0000000010004f7c       0x20 CMakeFiles/pico_lcd_1.14.dir/home/michael/pico/pico-sdk/lib/tinyusb/src/portable/raspberrypi/rp2040/dcd_rp2040.c.obj
                0x0000000010004f7c                dcd_edpt_clear_stall
 .text.prepare_ep_buffer
                0x0000000010004f9c       0x70 CMakeFiles/pico_lcd_1.14.dir/home/michael/pico/pico-sdk/lib/tinyusb/src/portable/raspberrypi/rp2040/rp2040_usb.c.obj
 .text.sync_ep_buffer
                0x000000001000500c       0x7c CMakeFiles/pico_lcd_1.14.dir/home/michael/pico/pico-sdk/lib/tinyusb/src/portable/raspberrypi/rp2040/rp2040_usb.c.obj
 .text._hw_endpoint_xfer_sync
                0x0000000010005088       0x28 CMakeFiles/pico_lcd_1.14.dir/home/michael/pico/pico-sdk/lib/tinyusb/src/portable/raspberrypi/rp2040/rp2040_usb.c.obj
 .text.rp2040_usb_init
                0x00000000100050b0       0x4c CMakeFiles/pico_lcd_1.14.dir/home/michael/pico/pico-sdk/lib/tinyusb/src/portable/raspberrypi/rp2040/rp2040_usb.c.obj
                0x00000000100050b0                rp2040_usb_init
 .text.hw_endpoint_reset_transfer
                0x00000000100050fc        0xc CMakeFiles/pico_lcd_1.14.dir/home/michael/pico/pico-sdk/lib/tinyusb/src/portable/raspberrypi/rp2040/rp2040_usb.c.obj
                0x00000000100050fc                hw_endpoint_reset_transfer
 .text._hw_endpoint_buffer_control_update32
                0x0000000010005108       0x58 CMakeFiles/pico_lcd_1.14.dir/home/michael/pico/pico-sdk/lib/tinyusb/src/portable/raspberrypi/rp2040/rp2040_usb.c.obj
                0x0000000010005108                _hw_endpoint_buffer_control_update32
 .text._hw_endpoint_start_next_buffer
                0x0000000010005160       0x74 CMakeFiles/pico_lcd_1.14.dir/home/michael/pico/pico-sdk/lib/tinyusb/src/portable/raspberrypi/rp2040/rp2040_usb.c.obj
 .text.hw_endpoint_xfer_start
                0x00000000100051d4       0x48 CMakeFiles/pico_lcd_1.14.dir/home/michael/pico/pico-sdk/lib/tinyusb/src/portable/raspberrypi/rp2040/rp2040_usb.c.obj
                0x00000000100051d4                hw_endpoint_xfer_start
 .text.hw_endpoint_xfer_continue
                0x000000001000521c       0x38 CMakeFiles/pico_lcd_1.14.dir/home/michael/pico/pico-sdk/lib/tinyusb/src/portable/raspberrypi/rp2040/rp2040_usb.c.obj
                0x000000001000521c                hw_endpoint_xfer_continue
 .text.configuration_reset
                0x0000000010005254       0x84 CMakeFiles/pico_lcd_1.14.dir/home/michael/pico/pico-sdk/lib/tinyusb/src/device/usbd.c.obj
 .text.usbd_reset
                0x00000000100052d8        0xc CMakeFiles/pico_lcd_1.14.dir/home/michael/pico/pico-sdk/lib/tinyusb/src/device/usbd.c.obj
 .text.invoke_class_control
                0x00000000100052e4       0x1a CMakeFiles/pico_lcd_1.14.dir/home/michael/pico/pico-sdk/lib/tinyusb/src/device/usbd.c.obj
 *fill*         0x00000000100052fe        0x2 
 .text.process_set_config
                0x0000000010005300      0x1b0 CMakeFiles/pico_lcd_1.14.dir/home/michael/pico/pico-sdk/lib/tinyusb/src/device/usbd.c.obj
 .text.process_get_descriptor
                0x00000000100054b0       0xec CMakeFiles/pico_lcd_1.14.dir/home/michael/pico/pico-sdk/lib/tinyusb/src/device/usbd.c.obj
 .text.tud_mounted
                0x000000001000559c       0x10 CMakeFiles/pico_lcd_1.14.dir/home/michael/pico/pico-sdk/lib/tinyusb/src/device/usbd.c.obj
                0x000000001000559c                tud_mounted
 .text.tud_suspended
                0x00000000100055ac       0x10 CMakeFiles/pico_lcd_1.14.dir/home/michael/pico/pico-sdk/lib/tinyusb/src/device/usbd.c.obj
                0x00000000100055ac                tud_suspended
 .text.tud_inited
                0x00000000100055bc        0xc CMakeFiles/pico_lcd_1.14.dir/home/michael/pico/pico-sdk/lib/tinyusb/src/device/usbd.c.obj
                0x00000000100055bc                tud_inited
 .text.tud_init
                0x00000000100055c8       0xcc CMakeFiles/pico_lcd_1.14.dir/home/michael/pico/pico-sdk/lib/tinyusb/src/device/usbd.c.obj
                0x00000000100055c8                tud_init
 .text.dcd_event_handler
                0x0000000010005694      0x1e0 CMakeFiles/pico_lcd_1.14.dir/home/michael/pico/pico-sdk/lib/tinyusb/src/device/usbd.c.obj
                0x0000000010005694                dcd_event_handler
 .text.dcd_event_bus_signal
                0x0000000010005874       0x26 CMakeFiles/pico_lcd_1.14.dir/home/michael/pico/pico-sdk/lib/tinyusb/src/device/usbd.c.obj
                0x0000000010005874                dcd_event_bus_signal
 .text.dcd_event_bus_reset
                0x000000001000589a       0x2a CMakeFiles/pico_lcd_1.14.dir/home/michael/pico/pico-sdk/lib/tinyusb/src/device/usbd.c.obj
                0x000000001000589a                dcd_event_bus_reset
 .text.dcd_event_setup_received
                0x00000000100058c4       0x34 CMakeFiles/pico_lcd_1.14.dir/home/michael/pico/pico-sdk/lib/tinyusb/src/device/usbd.c.obj
                0x00000000100058c4                dcd_event_setup_received
 .text.dcd_event_xfer_complete
                0x00000000100058f8       0x44 CMakeFiles/pico_lcd_1.14.dir/home/michael/pico/pico-sdk/lib/tinyusb/src/device/usbd.c.obj
                0x00000000100058f8                dcd_event_xfer_complete
 .text.usbd_edpt_open
                0x000000001000593c       0x58 CMakeFiles/pico_lcd_1.14.dir/home/michael/pico/pico-sdk/lib/tinyusb/src/device/usbd.c.obj
                0x000000001000593c                usbd_edpt_open
 .text.usbd_open_edpt_pair
                0x0000000010005994       0x8c CMakeFiles/pico_lcd_1.14.dir/home/michael/pico/pico-sdk/lib/tinyusb/src/device/usbd.c.obj
                0x0000000010005994                usbd_open_edpt_pair
 .text.usbd_edpt_claim
                0x0000000010005a20       0x8c CMakeFiles/pico_lcd_1.14.dir/home/michael/pico/pico-sdk/lib/tinyusb/src/device/usbd.c.obj
                0x0000000010005a20                usbd_edpt_claim
 .text.usbd_edpt_release
                0x0000000010005aac       0x68 CMakeFiles/pico_lcd_1.14.dir/home/michael/pico/pico-sdk/lib/tinyusb/src/device/usbd.c.obj
                0x0000000010005aac                usbd_edpt_release
 .text.usbd_edpt_xfer
                0x0000000010005b14       0x80 CMakeFiles/pico_lcd_1.14.dir/home/michael/pico/pico-sdk/lib/tinyusb/src/device/usbd.c.obj
                0x0000000010005b14                usbd_edpt_xfer
 .text.usbd_edpt_stall
                0x0000000010005b94       0x40 CMakeFiles/pico_lcd_1.14.dir/home/michael/pico/pico-sdk/lib/tinyusb/src/device/usbd.c.obj
                0x0000000010005b94                usbd_edpt_stall
 .text.usbd_edpt_clear_stall
                0x0000000010005bd4       0x40 CMakeFiles/pico_lcd_1.14.dir/home/michael/pico/pico-sdk/lib/tinyusb/src/device/usbd.c.obj
                0x0000000010005bd4                usbd_edpt_clear_stall
 .text.usbd_edpt_stalled
                0x0000000010005c14       0x1c CMakeFiles/pico_lcd_1.14.dir/home/michael/pico/pico-sdk/lib/tinyusb/src/device/usbd.c.obj
                0x0000000010005c14                usbd_edpt_stalled
 .text.process_control_request
                0x0000000010005c30      0x3b8 CMakeFiles/pico_lcd_1.14.dir/home/michael/pico/pico-sdk/lib/tinyusb/src/device/usbd.c.obj
 .text.tud_task
                0x0000000010005fe8      0x218 CMakeFiles/pico_lcd_1.14.dir/home/michael/pico/pico-sdk/lib/tinyusb/src/device/usbd.c.obj
                0x0000000010005fe8                tud_task
 .text._data_stage_xact
                0x0000000010006200       0x58 CMakeFiles/pico_lcd_1.14.dir/home/michael/pico/pico-sdk/lib/tinyusb/src/device/usbd_control.c.obj
 .text.tud_control_status
                0x0000000010006258       0x38 CMakeFiles/pico_lcd_1.14.dir/home/michael/pico/pico-sdk/lib/tinyusb/src/device/usbd_control.c.obj
                0x0000000010006258                tud_control_status
 .text.tud_control_xfer
                0x0000000010006290       0xa8 CMakeFiles/pico_lcd_1.14.dir/home/michael/pico/pico-sdk/lib/tinyusb/src/device/usbd_control.c.obj
                0x0000000010006290                tud_control_xfer
 .text.usbd_control_reset
                0x0000000010006338       0x14 CMakeFiles/pico_lcd_1.14.dir/home/michael/pico/pico-sdk/lib/tinyusb/src/device/usbd_control.c.obj
                0x0000000010006338                usbd_control_reset
 .text.usbd_control_set_complete_callback
                0x000000001000634c        0xc CMakeFiles/pico_lcd_1.14.dir/home/michael/pico/pico-sdk/lib/tinyusb/src/device/usbd_control.c.obj
                0x000000001000634c                usbd_control_set_complete_callback
 .text.usbd_control_set_request
                0x0000000010006358       0x1c CMakeFiles/pico_lcd_1.14.dir/home/michael/pico/pico-sdk/lib/tinyusb/src/device/usbd_control.c.obj
                0x0000000010006358                usbd_control_set_request
 .text.usbd_control_xfer_cb
                0x0000000010006374       0xfc CMakeFiles/pico_lcd_1.14.dir/home/michael/pico/pico-sdk/lib/tinyusb/src/device/usbd_control.c.obj
                0x0000000010006374                usbd_control_xfer_cb
 .text._prep_out_transaction
                0x0000000010006470       0x46 CMakeFiles/pico_lcd_1.14.dir/home/michael/pico/pico-sdk/lib/tinyusb/src/class/cdc/cdc_device.c.obj
 *fill*         0x00000000100064b6        0x2 
 .text.tud_cdc_n_connected
                0x00000000100064b8       0x44 CMakeFiles/pico_lcd_1.14.dir/home/michael/pico/pico-sdk/lib/tinyusb/src/class/cdc/cdc_device.c.obj
                0x00000000100064b8                tud_cdc_n_connected
 .text.tud_cdc_n_available
                0x00000000100064fc       0x18 CMakeFiles/pico_lcd_1.14.dir/home/michael/pico/pico-sdk/lib/tinyusb/src/class/cdc/cdc_device.c.obj
                0x00000000100064fc                tud_cdc_n_available
 .text.tud_cdc_n_read
                0x0000000010006514       0x28 CMakeFiles/pico_lcd_1.14.dir/home/michael/pico/pico-sdk/lib/tinyusb/src/class/cdc/cdc_device.c.obj
                0x0000000010006514                tud_cdc_n_read
 .text.tud_cdc_n_write_flush
                0x000000001000653c       0xcc CMakeFiles/pico_lcd_1.14.dir/home/michael/pico/pico-sdk/lib/tinyusb/src/class/cdc/cdc_device.c.obj
                0x000000001000653c                tud_cdc_n_write_flush
 .text.tud_cdc_n_write
                0x0000000010006608       0x38 CMakeFiles/pico_lcd_1.14.dir/home/michael/pico/pico-sdk/lib/tinyusb/src/class/cdc/cdc_device.c.obj
                0x0000000010006608                tud_cdc_n_write
 .text.tud_cdc_n_write_available
                0x0000000010006640       0x1c CMakeFiles/pico_lcd_1.14.dir/home/michael/pico/pico-sdk/lib/tinyusb/src/class/cdc/cdc_device.c.obj
                0x0000000010006640                tud_cdc_n_write_available
 .text.cdcd_init
                0x000000001000665c       0xbc CMakeFiles/pico_lcd_1.14.dir/home/michael/pico/pico-sdk/lib/tinyusb/src/class/cdc/cdc_device.c.obj
                0x000000001000665c                cdcd_init
 .text.cdcd_reset
                0x0000000010006718       0x44 CMakeFiles/pico_lcd_1.14.dir/home/michael/pico/pico-sdk/lib/tinyusb/src/class/cdc/cdc_device.c.obj
                0x0000000010006718                cdcd_reset
 .text.cdcd_open
                0x000000001000675c       0xf8 CMakeFiles/pico_lcd_1.14.dir/home/michael/pico/pico-sdk/lib/tinyusb/src/class/cdc/cdc_device.c.obj
                0x000000001000675c                cdcd_open
 .text.cdcd_control_xfer_cb
                0x0000000010006854      0x134 CMakeFiles/pico_lcd_1.14.dir/home/michael/pico/pico-sdk/lib/tinyusb/src/class/cdc/cdc_device.c.obj
                0x0000000010006854                cdcd_control_xfer_cb
 .text.cdcd_xfer_cb
                0x0000000010006988      0x144 CMakeFiles/pico_lcd_1.14.dir/home/michael/pico/pico-sdk/lib/tinyusb/src/class/cdc/cdc_device.c.obj
                0x0000000010006988                cdcd_xfer_cb
 .text.tusb_init
                0x0000000010006acc       0x24 CMakeFiles/pico_lcd_1.14.dir/home/michael/pico/pico-sdk/lib/tinyusb/src/tusb.c.obj
                0x0000000010006acc                tusb_init
 .text.tusb_inited
                0x0000000010006af0        0xe CMakeFiles/pico_lcd_1.14.dir/home/michael/pico/pico-sdk/lib/tinyusb/src/tusb.c.obj
                0x0000000010006af0                tusb_inited
 *fill*         0x0000000010006afe        0x2 
 .text.tu_edpt_validate
                0x0000000010006b00       0xa8 CMakeFiles/pico_lcd_1.14.dir/home/michael/pico/pico-sdk/lib/tinyusb/src/tusb.c.obj
                0x0000000010006b00                tu_edpt_validate
 .text.tu_edpt_bind_driver
                0x0000000010006ba8       0x2a CMakeFiles/pico_lcd_1.14.dir/home/michael/pico/pico-sdk/lib/tinyusb/src/tusb.c.obj
                0x0000000010006ba8                tu_edpt_bind_driver
 .text.advance_pointer
                0x0000000010006bd2       0x18 CMakeFiles/pico_lcd_1.14.dir/home/michael/pico/pico-sdk/lib/tinyusb/src/common/tusb_fifo.c.obj
 .text.backward_pointer
                0x0000000010006bea       0x1e CMakeFiles/pico_lcd_1.14.dir/home/michael/pico/pico-sdk/lib/tinyusb/src/common/tusb_fifo.c.obj
 .text.get_relative_pointer
                0x0000000010006c08       0x10 CMakeFiles/pico_lcd_1.14.dir/home/michael/pico/pico-sdk/lib/tinyusb/src/common/tusb_fifo.c.obj
 .text._tu_fifo_peek
                0x0000000010006c18       0x50 CMakeFiles/pico_lcd_1.14.dir/home/michael/pico/pico-sdk/lib/tinyusb/src/common/tusb_fifo.c.obj
 .text._ff_pull_const_addr
                0x0000000010006c68       0x4c CMakeFiles/pico_lcd_1.14.dir/home/michael/pico/pico-sdk/lib/tinyusb/src/common/tusb_fifo.c.obj
 .text._ff_pull_n
                0x0000000010006cb4      0x10c CMakeFiles/pico_lcd_1.14.dir/home/michael/pico/pico-sdk/lib/tinyusb/src/common/tusb_fifo.c.obj
 .text._tu_fifo_peek_n
                0x0000000010006dc0       0x5e CMakeFiles/pico_lcd_1.14.dir/home/michael/pico/pico-sdk/lib/tinyusb/src/common/tusb_fifo.c.obj
 .text._tu_fifo_read_n
                0x0000000010006e1e       0x4e CMakeFiles/pico_lcd_1.14.dir/home/michael/pico/pico-sdk/lib/tinyusb/src/common/tusb_fifo.c.obj
 .text._ff_push_const_addr
                0x0000000010006e6c       0x40 CMakeFiles/pico_lcd_1.14.dir/home/michael/pico/pico-sdk/lib/tinyusb/src/common/tusb_fifo.c.obj
 .text._ff_push_n
                0x0000000010006eac      0x108 CMakeFiles/pico_lcd_1.14.dir/home/michael/pico/pico-sdk/lib/tinyusb/src/common/tusb_fifo.c.obj
 .text._tu_fifo_write_n
                0x0000000010006fb4       0x9e CMakeFiles/pico_lcd_1.14.dir/home/michael/pico/pico-sdk/lib/tinyusb/src/common/tusb_fifo.c.obj
 .text.tu_fifo_config
                0x0000000010007052       0x72 CMakeFiles/pico_lcd_1.14.dir/home/michael/pico/pico-sdk/lib/tinyusb/src/common/tusb_fifo.c.obj
                0x0000000010007052                tu_fifo_config
 .text.tu_fifo_count
                0x00000000100070c4       0x26 CMakeFiles/pico_lcd_1.14.dir/home/michael/pico/pico-sdk/lib/tinyusb/src/common/tusb_fifo.c.obj
                0x00000000100070c4                tu_fifo_count
 .text.tu_fifo_empty
                0x00000000100070ea       0x10 CMakeFiles/pico_lcd_1.14.dir/home/michael/pico/pico-sdk/lib/tinyusb/src/common/tusb_fifo.c.obj
                0x00000000100070ea                tu_fifo_empty
 .text.tu_fifo_remaining
                0x00000000100070fa       0x20 CMakeFiles/pico_lcd_1.14.dir/home/michael/pico/pico-sdk/lib/tinyusb/src/common/tusb_fifo.c.obj
                0x00000000100070fa                tu_fifo_remaining
 .text.tu_fifo_read
                0x000000001000711a       0x42 CMakeFiles/pico_lcd_1.14.dir/home/michael/pico/pico-sdk/lib/tinyusb/src/common/tusb_fifo.c.obj
                0x000000001000711a                tu_fifo_read
 .text.tu_fifo_read_n
                0x000000001000715c        0xa CMakeFiles/pico_lcd_1.14.dir/home/michael/pico/pico-sdk/lib/tinyusb/src/common/tusb_fifo.c.obj
                0x000000001000715c                tu_fifo_read_n
 .text.tu_fifo_write
                0x0000000010007166       0x6c CMakeFiles/pico_lcd_1.14.dir/home/michael/pico/pico-sdk/lib/tinyusb/src/common/tusb_fifo.c.obj
                0x0000000010007166                tu_fifo_write
 .text.tu_fifo_write_n
                0x00000000100071d2        0xa CMakeFiles/pico_lcd_1.14.dir/home/michael/pico/pico-sdk/lib/tinyusb/src/common/tusb_fifo.c.obj
                0x00000000100071d2                tu_fifo_write_n
 .text.tu_fifo_clear
                0x00000000100071dc       0x4c CMakeFiles/pico_lcd_1.14.dir/home/michael/pico/pico-sdk/lib/tinyusb/src/common/tusb_fifo.c.obj
                0x00000000100071dc                tu_fifo_clear
 .text.tu_fifo_set_overwritable
                0x0000000010007228       0x3c CMakeFiles/pico_lcd_1.14.dir/home/michael/pico/pico-sdk/lib/tinyusb/src/common/tusb_fifo.c.obj
                0x0000000010007228                tu_fifo_set_overwritable
 .text._retrieve_unique_id_on_boot
                0x0000000010007264       0x10 CMakeFiles/pico_lcd_1.14.dir/home/michael/pico/pico-sdk/src/rp2_common/pico_unique_id/unique_id.c.obj
 .text.pico_get_unique_board_id_string
                0x0000000010007274       0x60 CMakeFiles/pico_lcd_1.14.dir/home/michael/pico/pico-sdk/src/rp2_common/pico_unique_id/unique_id.c.obj
                0x0000000010007274                pico_get_unique_board_id_string
 .text.flash_get_unique_id
                0x00000000100072d4       0x46 CMakeFiles/pico_lcd_1.14.dir/home/michael/pico/pico-sdk/src/rp2_common/hardware_flash/flash.c.obj
                0x00000000100072d4                flash_get_unique_id
 .text.spi_set_baudrate
                0x000000001000731a       0x92 CMakeFiles/pico_lcd_1.14.dir/home/michael/pico/pico-sdk/src/rp2_common/hardware_spi/spi.c.obj
                0x000000001000731a                spi_set_baudrate
 .text.spi_init
                0x00000000100073ac       0x68 CMakeFiles/pico_lcd_1.14.dir/home/michael/pico/pico-sdk/src/rp2_common/hardware_spi/spi.c.obj
                0x00000000100073ac                spi_init
 .text.i2c_set_baudrate
                0x0000000010007414       0xf0 CMakeFiles/pico_lcd_1.14.dir/home/michael/pico/pico-sdk/src/rp2_common/hardware_i2c/i2c.c.obj
                0x0000000010007414                i2c_set_baudrate
 .text.i2c_init
                0x0000000010007504       0x58 CMakeFiles/pico_lcd_1.14.dir/home/michael/pico/pico-sdk/src/rp2_common/hardware_i2c/i2c.c.obj
                0x0000000010007504                i2c_init
 .text.LCD_1in14_V2_test
                0x000000001000755c      0x5d8 examples/libexamples.a(LCD_1in14_V2_test.c.obj)
                0x000000001000755c                LCD_1in14_V2_test
 .text.LCD_1IN14_V2_Reset
                0x0000000010007b34       0x2e lib/LCD/libLCD.a(LCD_1in14_V2.c.obj)
 .text.LCD_1IN14_V2_SendCommand
                0x0000000010007b62       0x24 lib/LCD/libLCD.a(LCD_1in14_V2.c.obj)
 .text.LCD_1IN14_V2_SendData_8Bit
                0x0000000010007b86       0x24 lib/LCD/libLCD.a(LCD_1in14_V2.c.obj)
 *fill*         0x0000000010007baa        0x2 
 .text.LCD_1IN14_V2_SetAttributes
                0x0000000010007bac       0x34 lib/LCD/libLCD.a(LCD_1in14_V2.c.obj)
 .text.LCD_1IN14_V2_InitReg
                0x0000000010007be0      0x160 lib/LCD/libLCD.a(LCD_1in14_V2.c.obj)
 .text.LCD_1IN14_V2_SendData_16Bit
                0x0000000010007d40       0x2a lib/LCD/libLCD.a(LCD_1in14_V2.c.obj)
 .text.LCD_1IN14_V2_Init
                0x0000000010007d6a       0x1a lib/LCD/libLCD.a(LCD_1in14_V2.c.obj)
                0x0000000010007d6a                LCD_1IN14_V2_Init
 .text.LCD_1IN14_V2_SetWindows
                0x0000000010007d84       0x70 lib/LCD/libLCD.a(LCD_1in14_V2.c.obj)
                0x0000000010007d84                LCD_1IN14_V2_SetWindows
 .text.LCD_1IN14_V2_Clear
                0x0000000010007df4       0x88 lib/LCD/libLCD.a(LCD_1in14_V2.c.obj)
                0x0000000010007df4                LCD_1IN14_V2_Clear
 .text.LCD_1IN14_V2_Display
                0x0000000010007e7c       0x58 lib/LCD/libLCD.a(LCD_1in14_V2.c.obj)
                0x0000000010007e7c                LCD_1IN14_V2_Display
 .text.LCD_1IN14_V2_DisplayWindows
                0x0000000010007ed4       0x5c lib/LCD/libLCD.a(LCD_1in14_V2.c.obj)
                0x0000000010007ed4                LCD_1IN14_V2_DisplayWindows
 .text.SET_Infrared_PIN
                0x0000000010007f30       0x20 lib/Infrared/libInfrared.a(Infrared.c.obj)
                0x0000000010007f30                SET_Infrared_PIN
 .text.Paint_NewImage
                0x0000000010007f50       0x4c lib/GUI/libGUI.a(GUI_Paint.c.obj)
                0x0000000010007f50                Paint_NewImage
 .text.Paint_SetRotate
                0x0000000010007f9c       0x20 lib/GUI/libGUI.a(GUI_Paint.c.obj)
                0x0000000010007f9c                Paint_SetRotate
 .text.Paint_SetScale
                0x0000000010007fbc       0x68 lib/GUI/libGUI.a(GUI_Paint.c.obj)
                0x0000000010007fbc                Paint_SetScale
 .text.Paint_SetPixel
                0x0000000010008024      0x164 lib/GUI/libGUI.a(GUI_Paint.c.obj)
                0x0000000010008024                Paint_SetPixel
 .text.Paint_Clear
                0x0000000010008188       0xb0 lib/GUI/libGUI.a(GUI_Paint.c.obj)
                0x0000000010008188                Paint_Clear
 .text.Paint_DrawPoint
                0x0000000010008238       0xe0 lib/GUI/libGUI.a(GUI_Paint.c.obj)
                0x0000000010008238                Paint_DrawPoint
 .text.Paint_DrawLine
                0x0000000010008318      0x12c lib/GUI/libGUI.a(GUI_Paint.c.obj)
                0x0000000010008318                Paint_DrawLine
 .text.Paint_DrawRectangle
                0x0000000010008444       0xd0 lib/GUI/libGUI.a(GUI_Paint.c.obj)
                0x0000000010008444                Paint_DrawRectangle
 .text.Paint_DrawCircle
                0x0000000010008514      0x274 lib/GUI/libGUI.a(GUI_Paint.c.obj)
                0x0000000010008514                Paint_DrawCircle
 .text.Paint_DrawChar
                0x0000000010008788       0xc4 lib/GUI/libGUI.a(GUI_Paint.c.obj)
                0x0000000010008788                Paint_DrawChar
 .text.Paint_DrawString_EN
                0x000000001000884c       0x88 lib/GUI/libGUI.a(GUI_Paint.c.obj)
                0x000000001000884c                Paint_DrawString_EN
 .text.Paint_DrawString_CN
                0x00000000100088d4      0x1e4 lib/GUI/libGUI.a(GUI_Paint.c.obj)
                0x00000000100088d4                Paint_DrawString_CN
 .text.Paint_DrawNum
                0x0000000010008ab8       0x94 lib/GUI/libGUI.a(GUI_Paint.c.obj)
                0x0000000010008ab8                Paint_DrawNum
 .text.Paint_DrawImage
                0x0000000010008b4c       0x78 lib/GUI/libGUI.a(GUI_Paint.c.obj)
                0x0000000010008b4c                Paint_DrawImage
 .text.DEV_Digital_Write
                0x0000000010008bc4       0x18 lib/Config/libConfig.a(DEV_Config.c.obj)
                0x0000000010008bc4                DEV_Digital_Write
 .text.DEV_Digital_Read
                0x0000000010008bdc        0xe lib/Config/libConfig.a(DEV_Config.c.obj)
                0x0000000010008bdc                DEV_Digital_Read
 *fill*         0x0000000010008bea        0x2 
 .text.DEV_SPI_WriteByte
                0x0000000010008bec       0x1c lib/Config/libConfig.a(DEV_Config.c.obj)
                0x0000000010008bec                DEV_SPI_WriteByte
 .text.DEV_SPI_Write_nByte
                0x0000000010008c08       0x14 lib/Config/libConfig.a(DEV_Config.c.obj)
                0x0000000010008c08                DEV_SPI_Write_nByte
 .text.DEV_GPIO_Mode
                0x0000000010008c1c       0x26 lib/Config/libConfig.a(DEV_Config.c.obj)
                0x0000000010008c1c                DEV_GPIO_Mode
 .text.DEV_Delay_ms
                0x0000000010008c42        0x8 lib/Config/libConfig.a(DEV_Config.c.obj)
                0x0000000010008c42                DEV_Delay_ms
 .text.DEV_GPIO_Init
                0x0000000010008c4a       0x4c lib/Config/libConfig.a(DEV_Config.c.obj)
                0x0000000010008c4a                DEV_GPIO_Init
 *fill*         0x0000000010008c96        0x2 
 .text.DEV_Module_Init
                0x0000000010008c98       0xcc lib/Config/libConfig.a(DEV_Config.c.obj)
                0x0000000010008c98                DEV_Module_Init
 .text.DEV_SET_PWM
                0x0000000010008d64       0x40 lib/Config/libConfig.a(DEV_Config.c.obj)
                0x0000000010008d64                DEV_SET_PWM
 .text          0x0000000010008da4       0x28 /usr/lib/gcc/arm-none-eabi/10.3.1/../../../arm-none-eabi/lib/thumb/v6-m/nofp/libg.a(lib_a-malloc.o)
                0x0000000010008da4                malloc
                0x0000000010008db8                free
 .text          0x0000000010008dcc      0x574 /usr/lib/gcc/arm-none-eabi/10.3.1/../../../arm-none-eabi/lib/thumb/v6-m/nofp/libg.a(lib_a-mallocr.o)
                0x0000000010008dcc                _malloc_r
 .text          0x0000000010009340        0x8 /usr/lib/gcc/arm-none-eabi/10.3.1/../../../arm-none-eabi/lib/thumb/v6-m/nofp/libg.a(lib_a-mlock.o)
                0x0000000010009340                __malloc_lock
                0x0000000010009344                __malloc_unlock
 .text          0x0000000010009348       0x24 /usr/lib/gcc/arm-none-eabi/10.3.1/../../../arm-none-eabi/lib/thumb/v6-m/nofp/libg.a(lib_a-sbrkr.o)
                0x0000000010009348                _sbrk_r
 .text          0x000000001000936c       0x5c /usr/lib/gcc/arm-none-eabi/10.3.1/../../../arm-none-eabi/lib/thumb/v6-m/nofp/libg.a(lib_a-strlen-stub.o)
                0x000000001000936c                strlen
 .text          0x00000000100093c8      0x260 /usr/lib/gcc/arm-none-eabi/10.3.1/../../../arm-none-eabi/lib/thumb/v6-m/nofp/libg.a(lib_a-freer.o)
                0x00000000100093c8                _malloc_trim_r
                0x0000000010009464                _free_r
 *(.fini)
 .fini          0x0000000010009628        0x4 /usr/lib/gcc/arm-none-eabi/10.3.1/thumb/v6-m/nofp/crti.o
                0x0000000010009628                _fini
 *fill*         0x000000001000962c        0x4 
 .fini.__stub   0x0000000010009630       0x80 linker stubs
 *crtbegin.o(.ctors)
 *crtbegin?.o(.ctors)
 *(EXCLUDE_FILE(*crtend.o *crtend?.o) .ctors)
 *(SORT_BY_NAME(.ctors.*))
 *(.ctors)
 *crtbegin.o(.dtors)
 *crtbegin?.o(.dtors)
 *(EXCLUDE_FILE(*crtend.o *crtend?.o) .dtors)
 *(SORT_BY_NAME(.dtors.*))
 *(.dtors)
 *(.eh_frame*)
 .eh_frame      0x00000000100096b0        0x0 /usr/lib/gcc/arm-none-eabi/10.3.1/thumb/v6-m/nofp/crtbegin.o
                0x00000000100096b0                . = ALIGN (0x4)

.glue_7         0x00000000100096b0        0x0
 .glue_7        0x00000000100096b0        0x0 linker stubs

.glue_7t        0x00000000100096b0        0x0
 .glue_7t       0x00000000100096b0        0x0 linker stubs

.vfp11_veneer   0x00000000100096b0        0x0
 .vfp11_veneer  0x00000000100096b0        0x0 linker stubs

.v4_bx          0x00000000100096b0        0x0
 .v4_bx         0x00000000100096b0        0x0 linker stubs

.iplt           0x00000000100096b0        0x0
 .iplt          0x00000000100096b0        0x0 /usr/lib/gcc/arm-none-eabi/10.3.1/thumb/v6-m/nofp/crtbegin.o

.rodata         0x00000000100096b0    0x144c4
 *(EXCLUDE_FILE(*libm.a: *libc.a:*lib_a-mem*.o *libgcc.a:) .rodata*)
 .rodata.spin_lock_claim_unused.str1.4
                0x00000000100096b0       0x1b CMakeFiles/pico_lcd_1.14.dir/home/michael/pico/pico-sdk/src/rp2_common/hardware_sync/sync.c.obj
 *fill*         0x00000000100096cb        0x1 
 .rodata.make_branch.str1.4
                0x00000000100096cc       0x6e CMakeFiles/pico_lcd_1.14.dir/home/michael/pico/pico-sdk/src/rp2_common/hardware_irq/irq.c.obj
 *fill*         0x000000001000973a        0x2 
 .rodata.insert_branch_and_link.str1.4
                0x000000001000973c       0x10 CMakeFiles/pico_lcd_1.14.dir/home/michael/pico/pico-sdk/src/rp2_common/hardware_irq/irq.c.obj
 .rodata.irq_set_exclusive_handler.str1.4
                0x000000001000974c       0x36 CMakeFiles/pico_lcd_1.14.dir/home/michael/pico/pico-sdk/src/rp2_common/hardware_irq/irq.c.obj
 *fill*         0x0000000010009782        0x2 
 .rodata.irq_add_shared_handler.str1.4
                0x0000000010009784       0xd9 CMakeFiles/pico_lcd_1.14.dir/home/michael/pico/pico-sdk/src/rp2_common/hardware_irq/irq.c.obj
 *fill*         0x000000001000985d        0x3 
 .rodata.irq_remove_handler.str1.4
                0x0000000010009860       0x2a CMakeFiles/pico_lcd_1.14.dir/home/michael/pico/pico-sdk/src/rp2_common/hardware_irq/irq.c.obj
 *fill*         0x000000001000988a        0x2 
 .rodata.irq_add_tail_to_free_list.str1.4
                0x000000001000988c       0x3a CMakeFiles/pico_lcd_1.14.dir/home/michael/pico/pico-sdk/src/rp2_common/hardware_irq/irq.c.obj
 *fill*         0x00000000100098c6        0x2 
 .rodata.user_irq_claim_unused.str1.4
                0x00000000100098c8       0x1b CMakeFiles/pico_lcd_1.14.dir/home/michael/pico/pico-sdk/src/rp2_common/hardware_irq/irq.c.obj
 *fill*         0x00000000100098e3        0x1 
 .rodata.__func__.0
                0x00000000100098e4       0x1a CMakeFiles/pico_lcd_1.14.dir/home/michael/pico/pico-sdk/src/rp2_common/hardware_irq/irq.c.obj
 *fill*         0x00000000100098fe        0x2 
 .rodata.__func__.1
                0x0000000010009900       0x17 CMakeFiles/pico_lcd_1.14.dir/home/michael/pico/pico-sdk/src/rp2_common/hardware_irq/irq.c.obj
 *fill*         0x0000000010009917        0x1 
 .rodata.__func__.2
                0x0000000010009918       0x13 CMakeFiles/pico_lcd_1.14.dir/home/michael/pico/pico-sdk/src/rp2_common/hardware_irq/irq.c.obj
 *fill*         0x000000001000992b        0x1 
 .rodata.__func__.3
                0x000000001000992c        0xc CMakeFiles/pico_lcd_1.14.dir/home/michael/pico/pico-sdk/src/rp2_common/hardware_irq/irq.c.obj
 .rodata.__func__.4
                0x0000000010009938        0xf CMakeFiles/pico_lcd_1.14.dir/home/michael/pico/pico-sdk/src/rp2_common/hardware_irq/irq.c.obj
 *fill*         0x0000000010009947        0x1 
 .rodata.__func__.5
                0x0000000010009948       0x17 CMakeFiles/pico_lcd_1.14.dir/home/michael/pico/pico-sdk/src/rp2_common/hardware_irq/irq.c.obj
 *fill*         0x000000001000995f        0x1 
 .rodata.__func__.6
                0x0000000010009960       0x1a CMakeFiles/pico_lcd_1.14.dir/home/michael/pico/pico-sdk/src/rp2_common/hardware_irq/irq.c.obj
 *fill*         0x000000001000997a        0x2 
 .rodata.repeating_timer_callback.str1.4
                0x000000001000997c       0x4c CMakeFiles/pico_lcd_1.14.dir/home/michael/pico/pico-sdk/src/common/pico_time/time.c.obj
 .rodata.alarm_pool_dump_key.str1.4
                0x00000000100099c8       0x33 CMakeFiles/pico_lcd_1.14.dir/home/michael/pico/pico-sdk/src/common/pico_time/time.c.obj
 *fill*         0x00000000100099fb        0x1 
 .rodata.ph_add_child_node.str1.4
                0x00000000100099fc       0x96 CMakeFiles/pico_lcd_1.14.dir/home/michael/pico/pico-sdk/src/common/pico_time/time.c.obj
 *fill*         0x0000000010009a92        0x2 
 .rodata.add_alarm_under_lock.str1.4
                0x0000000010009a94       0x28 CMakeFiles/pico_lcd_1.14.dir/home/michael/pico/pico-sdk/src/common/pico_time/time.c.obj
                                         0x2b (size before relaxing)
 .rodata.alarm_pool_alarm_callback.str1.4
                0x0000000010009abc       0xe6 CMakeFiles/pico_lcd_1.14.dir/home/michael/pico/pico-sdk/src/common/pico_time/time.c.obj
 *fill*         0x0000000010009ba2        0x2 
 .rodata.alarm_pool_get_default.str1.4
                0x0000000010009ba4       0x21 CMakeFiles/pico_lcd_1.14.dir/home/michael/pico/pico-sdk/src/common/pico_time/time.c.obj
 *fill*         0x0000000010009bc5        0x3 
 .rodata.alarm_pool_cancel_alarm.str1.4
                0x0000000010009bc8       0x27 CMakeFiles/pico_lcd_1.14.dir/home/michael/pico/pico-sdk/src/common/pico_time/time.c.obj
 *fill*         0x0000000010009bef        0x1 
 .rodata.sleep_until.str1.4
                0x0000000010009bf0       0x4d CMakeFiles/pico_lcd_1.14.dir/home/michael/pico/pico-sdk/src/common/pico_time/time.c.obj
 *fill*         0x0000000010009c3d        0x3 
 .rodata.__func__.1
                0x0000000010009c40       0x18 CMakeFiles/pico_lcd_1.14.dir/home/michael/pico/pico-sdk/src/common/pico_time/time.c.obj
 .rodata.__func__.10
                0x0000000010009c58       0x15 CMakeFiles/pico_lcd_1.14.dir/home/michael/pico/pico-sdk/src/common/pico_time/time.c.obj
 *fill*         0x0000000010009c6d        0x3 
 .rodata.__func__.11
                0x0000000010009c70       0x1a CMakeFiles/pico_lcd_1.14.dir/home/michael/pico/pico-sdk/src/common/pico_time/time.c.obj
 *fill*         0x0000000010009c8a        0x2 
 .rodata.__func__.12
                0x0000000010009c8c        0xa CMakeFiles/pico_lcd_1.14.dir/home/michael/pico/pico-sdk/src/common/pico_time/time.c.obj
 *fill*         0x0000000010009c96        0x2 
 .rodata.__func__.3
                0x0000000010009c98       0x17 CMakeFiles/pico_lcd_1.14.dir/home/michael/pico/pico-sdk/src/common/pico_time/time.c.obj
 *fill*         0x0000000010009caf        0x1 
 .rodata.__func__.4
                0x0000000010009cb0       0x12 CMakeFiles/pico_lcd_1.14.dir/home/michael/pico/pico-sdk/src/common/pico_time/time.c.obj
 *fill*         0x0000000010009cc2        0x2 
 .rodata.__func__.5
                0x0000000010009cc4        0xd CMakeFiles/pico_lcd_1.14.dir/home/michael/pico/pico-sdk/src/common/pico_time/time.c.obj
 *fill*         0x0000000010009cd1        0x3 
 .rodata.__func__.6
                0x0000000010009cd4       0x12 CMakeFiles/pico_lcd_1.14.dir/home/michael/pico/pico-sdk/src/common/pico_time/time.c.obj
 *fill*         0x0000000010009ce6        0x2 
 .rodata.__func__.7
                0x0000000010009ce8        0xf CMakeFiles/pico_lcd_1.14.dir/home/michael/pico/pico-sdk/src/common/pico_time/time.c.obj
 *fill*         0x0000000010009cf7        0x1 
 .rodata.__func__.8
                0x0000000010009cf8        0xc CMakeFiles/pico_lcd_1.14.dir/home/michael/pico/pico-sdk/src/common/pico_time/time.c.obj
 .rodata.__func__.9
                0x0000000010009d04       0x15 CMakeFiles/pico_lcd_1.14.dir/home/michael/pico/pico-sdk/src/common/pico_time/time.c.obj
 *fill*         0x0000000010009d19        0x3 
 .rodata.hardware_alarm_claim.str1.4
                0x0000000010009d1c       0x22 CMakeFiles/pico_lcd_1.14.dir/home/michael/pico/pico-sdk/src/rp2_common/hardware_timer/timer.c.obj
 *fill*         0x0000000010009d3e        0x2 
 .rodata.hardware_alarm_set_target.str1.4
                0x0000000010009d40       0x66 CMakeFiles/pico_lcd_1.14.dir/home/michael/pico/pico-sdk/src/rp2_common/hardware_timer/timer.c.obj
 *fill*         0x0000000010009da6        0x2 
 .rodata.__func__.0
                0x0000000010009da8       0x1a CMakeFiles/pico_lcd_1.14.dir/home/michael/pico/pico-sdk/src/rp2_common/hardware_timer/timer.c.obj
 .rodata.ph_add_child_node.str1.4
                0x0000000010009dc2       0x96 CMakeFiles/pico_lcd_1.14.dir/home/michael/pico/pico-sdk/src/common/pico_util/pheap.c.obj
 *fill*         0x0000000010009dc2        0x2 
 .rodata.ph_remove_any_head.str1.4
                0x0000000010009dc4       0x90 CMakeFiles/pico_lcd_1.14.dir/home/michael/pico/pico-sdk/src/common/pico_util/pheap.c.obj
 .rodata.ph_remove_and_free_node.str1.4
                0x0000000010009e54       0x1e CMakeFiles/pico_lcd_1.14.dir/home/michael/pico/pico-sdk/src/common/pico_util/pheap.c.obj
                                         0x26 (size before relaxing)
 *fill*         0x0000000010009e72        0x2 
 .rodata.__func__.0
                0x0000000010009e74       0x18 CMakeFiles/pico_lcd_1.14.dir/home/michael/pico/pico-sdk/src/common/pico_util/pheap.c.obj
 .rodata.__func__.1
                0x0000000010009e8c       0x13 CMakeFiles/pico_lcd_1.14.dir/home/michael/pico/pico-sdk/src/common/pico_util/pheap.c.obj
 *fill*         0x0000000010009e9f        0x1 
 .rodata.__func__.2
                0x0000000010009ea0       0x12 CMakeFiles/pico_lcd_1.14.dir/home/michael/pico/pico-sdk/src/common/pico_util/pheap.c.obj
 *fill*         0x0000000010009eb2        0x2 
 .rodata.__func__.3
                0x0000000010009eb4        0xc CMakeFiles/pico_lcd_1.14.dir/home/michael/pico/pico-sdk/src/common/pico_util/pheap.c.obj
 .rodata.str1.4
                0x0000000010009ec0       0x8d CMakeFiles/pico_lcd_1.14.dir/home/michael/pico/pico-sdk/src/common/pico_sync/mutex.c.obj
                                         0xf1 (size before relaxing)
 *fill*         0x0000000010009f4d        0x3 
 .rodata.__func__.1
                0x0000000010009f50        0xb CMakeFiles/pico_lcd_1.14.dir/home/michael/pico/pico-sdk/src/common/pico_sync/mutex.c.obj
 *fill*         0x0000000010009f5b        0x1 
 .rodata.__func__.3
                0x0000000010009f5c       0x18 CMakeFiles/pico_lcd_1.14.dir/home/michael/pico/pico-sdk/src/common/pico_sync/mutex.c.obj
 .rodata.__func__.4
                0x0000000010009f74       0x15 CMakeFiles/pico_lcd_1.14.dir/home/michael/pico/pico-sdk/src/common/pico_sync/mutex.c.obj
 *fill*         0x0000000010009f89        0x3 
 .rodata.__assert_func.str1.4
                0x0000000010009f8c       0x3f CMakeFiles/pico_lcd_1.14.dir/home/michael/pico/pico-sdk/src/rp2_common/pico_runtime/runtime.c.obj
                                         0x43 (size before relaxing)
 *fill*         0x0000000010009fcb        0x1 
 .rodata.runtime_init.str1.4
                0x0000000010009fcc       0x62 CMakeFiles/pico_lcd_1.14.dir/home/michael/pico/pico-sdk/src/rp2_common/pico_runtime/runtime.c.obj
 *fill*         0x000000001000a02e        0x2 
 .rodata.panic.str1.4
                0x000000001000a030       0x12 CMakeFiles/pico_lcd_1.14.dir/home/michael/pico/pico-sdk/src/rp2_common/pico_runtime/runtime.c.obj
 *fill*         0x000000001000a042        0x2 
 .rodata.__func__.1
                0x000000001000a044        0xd CMakeFiles/pico_lcd_1.14.dir/home/michael/pico/pico-sdk/src/rp2_common/pico_runtime/runtime.c.obj
 *fill*         0x000000001000a051        0x3 
 .rodata.clock_configure.str1.4
                0x000000001000a054       0x58 CMakeFiles/pico_lcd_1.14.dir/home/michael/pico/pico-sdk/src/rp2_common/hardware_clocks/clocks.c.obj
 .rodata.__func__.1
                0x000000001000a0ac       0x10 CMakeFiles/pico_lcd_1.14.dir/home/michael/pico/pico-sdk/src/rp2_common/hardware_clocks/clocks.c.obj
 .rodata.pll_init.str1.4
                0x000000001000a0bc      0x13b CMakeFiles/pico_lcd_1.14.dir/home/michael/pico/pico-sdk/src/rp2_common/hardware_pll/pll.c.obj
 *fill*         0x000000001000a1f7        0x1 
 .rodata.__func__.0
                0x000000001000a1f8        0x9 CMakeFiles/pico_lcd_1.14.dir/home/michael/pico/pico-sdk/src/rp2_common/hardware_pll/pll.c.obj
 *fill*         0x000000001000a201        0x3 
 .rodata._ftoa.str1.4
                0x000000001000a204       0x15 CMakeFiles/pico_lcd_1.14.dir/home/michael/pico/pico-sdk/src/rp2_common/pico_printf/printf.c.obj
 *fill*         0x000000001000a219        0x3 
 .rodata._vsnprintf
                0x000000001000a21c      0x1e0 CMakeFiles/pico_lcd_1.14.dir/home/michael/pico/pico-sdk/src/rp2_common/pico_printf/printf.c.obj
 *fill*         0x000000001000a3fc        0x4 
 .rodata.pow10.0
                0x000000001000a400       0x50 CMakeFiles/pico_lcd_1.14.dir/home/michael/pico/pico-sdk/src/rp2_common/pico_printf/printf.c.obj
 .rodata.__aeabi_double_init.str1.4
                0x000000001000a450       0xa9 CMakeFiles/pico_lcd_1.14.dir/home/michael/pico/pico-sdk/src/rp2_common/pico_double/double_init_rom.c.obj
 *fill*         0x000000001000a4f9        0x3 
 .rodata.__func__.0
                0x000000001000a4fc       0x14 CMakeFiles/pico_lcd_1.14.dir/home/michael/pico/pico-sdk/src/rp2_common/pico_double/double_init_rom.c.obj
 .rodata.__aeabi_float_init.str1.4
                0x000000001000a510       0x7b CMakeFiles/pico_lcd_1.14.dir/home/michael/pico/pico-sdk/src/rp2_common/pico_float/float_init_rom.c.obj
                                         0x7f (size before relaxing)
 *fill*         0x000000001000a58b        0x1 
 .rodata.__func__.0
                0x000000001000a58c       0x13 CMakeFiles/pico_lcd_1.14.dir/home/michael/pico/pico-sdk/src/rp2_common/pico_float/float_init_rom.c.obj
 *fill*         0x000000001000a59f        0x1 
 .rodata.__wrap_malloc.str1.4
                0x000000001000a5a0        0xe CMakeFiles/pico_lcd_1.14.dir/home/michael/pico/pico-sdk/src/rp2_common/pico_malloc/pico_malloc.c.obj
 *fill*         0x000000001000a5ae        0x2 
 .rodata.str1.4
                0x000000001000a5b0       0x48 CMakeFiles/pico_lcd_1.14.dir/home/michael/pico/pico-sdk/src/rp2_common/pico_standard_link/binary_info.c.obj
 .rodata.__bi_44
                0x000000001000a5f8        0xc CMakeFiles/pico_lcd_1.14.dir/home/michael/pico/pico-sdk/src/rp2_common/pico_standard_link/binary_info.c.obj
 .rodata.__bi_56
                0x000000001000a604        0xc CMakeFiles/pico_lcd_1.14.dir/home/michael/pico/pico-sdk/src/rp2_common/pico_standard_link/binary_info.c.obj
 .rodata.__bi_75
                0x000000001000a610        0xc CMakeFiles/pico_lcd_1.14.dir/home/michael/pico/pico-sdk/src/rp2_common/pico_standard_link/binary_info.c.obj
 .rodata.__bi_81
                0x000000001000a61c        0xc CMakeFiles/pico_lcd_1.14.dir/home/michael/pico/pico-sdk/src/rp2_common/pico_standard_link/binary_info.c.obj
 .rodata.crlf_str.3
                0x000000001000a628        0x2 CMakeFiles/pico_lcd_1.14.dir/home/michael/pico/pico-sdk/src/rp2_common/pico_stdio/stdio.c.obj
 *fill*         0x000000001000a62a        0x2 
 .rodata._resetd_driver
                0x000000001000a62c       0x18 CMakeFiles/pico_lcd_1.14.dir/home/michael/pico/pico-sdk/src/rp2_common/pico_stdio_usb/reset_interface.c.obj
 .rodata.timer_task.str1.4
                0x000000001000a644       0x6e CMakeFiles/pico_lcd_1.14.dir/home/michael/pico/pico-sdk/src/rp2_common/pico_stdio_usb/stdio_usb.c.obj
 .rodata.stdio_usb_init.str1.4
                0x000000001000a6b2       0x62 CMakeFiles/pico_lcd_1.14.dir/home/michael/pico/pico-sdk/src/rp2_common/pico_stdio_usb/stdio_usb.c.obj
 *fill*         0x000000001000a6b2        0x2 
 .rodata.str1.4
                0x000000001000a6b4       0x13 CMakeFiles/pico_lcd_1.14.dir/home/michael/pico/pico-sdk/src/rp2_common/pico_stdio_usb/stdio_usb.c.obj
 *fill*         0x000000001000a6c7        0x1 
 .rodata.__bi_118.2
                0x000000001000a6c8        0xc CMakeFiles/pico_lcd_1.14.dir/home/michael/pico/pico-sdk/src/rp2_common/pico_stdio_usb/stdio_usb.c.obj
 .rodata.__func__.0
                0x000000001000a6d4       0x15 CMakeFiles/pico_lcd_1.14.dir/home/michael/pico/pico-sdk/src/rp2_common/pico_stdio_usb/stdio_usb.c.obj
 *fill*         0x000000001000a6e9        0x3 
 .rodata.__func__.1
                0x000000001000a6ec        0xb CMakeFiles/pico_lcd_1.14.dir/home/michael/pico/pico-sdk/src/rp2_common/pico_stdio_usb/stdio_usb.c.obj
 *fill*         0x000000001000a6f7        0x1 
 .rodata.str1.4
                0x000000001000a6f8       0x2a CMakeFiles/pico_lcd_1.14.dir/home/michael/pico/pico-sdk/src/rp2_common/pico_stdio_usb/stdio_usb_descriptors.c.obj
 *fill*         0x000000001000a722        0x2 
 .rodata.usbd_desc_cfg
                0x000000001000a724       0x54 CMakeFiles/pico_lcd_1.14.dir/home/michael/pico/pico-sdk/src/rp2_common/pico_stdio_usb/stdio_usb_descriptors.c.obj
 .rodata.usbd_desc_device
                0x000000001000a778       0x12 CMakeFiles/pico_lcd_1.14.dir/home/michael/pico/pico-sdk/src/rp2_common/pico_stdio_usb/stdio_usb_descriptors.c.obj
 *fill*         0x000000001000a78a        0x2 
 .rodata.usbd_desc_str
                0x000000001000a78c       0x18 CMakeFiles/pico_lcd_1.14.dir/home/michael/pico/pico-sdk/src/rp2_common/pico_stdio_usb/stdio_usb_descriptors.c.obj
 .rodata._hw_endpoint_alloc.str1.4
                0x000000001000a7a4       0xb9 CMakeFiles/pico_lcd_1.14.dir/home/michael/pico/pico-sdk/lib/tinyusb/src/portable/raspberrypi/rp2040/dcd_rp2040.c.obj
 *fill*         0x000000001000a85d        0x3 
 .rodata.dcd_rp2040_irq.str1.4
                0x000000001000a860       0x14 CMakeFiles/pico_lcd_1.14.dir/home/michael/pico/pico-sdk/lib/tinyusb/src/portable/raspberrypi/rp2040/dcd_rp2040.c.obj
 .rodata.dcd_int_enable.str1.4
                0x000000001000a874        0xc CMakeFiles/pico_lcd_1.14.dir/home/michael/pico/pico-sdk/lib/tinyusb/src/portable/raspberrypi/rp2040/dcd_rp2040.c.obj
 .rodata.__func__.0
                0x000000001000a880        0xe CMakeFiles/pico_lcd_1.14.dir/home/michael/pico/pico-sdk/lib/tinyusb/src/portable/raspberrypi/rp2040/dcd_rp2040.c.obj
 *fill*         0x000000001000a88e        0x2 
 .rodata.__func__.1
                0x000000001000a890        0xe CMakeFiles/pico_lcd_1.14.dir/home/michael/pico/pico-sdk/lib/tinyusb/src/portable/raspberrypi/rp2040/dcd_rp2040.c.obj
 *fill*         0x000000001000a89e        0x2 
 .rodata.__func__.3
                0x000000001000a8a0       0x10 CMakeFiles/pico_lcd_1.14.dir/home/michael/pico/pico-sdk/lib/tinyusb/src/portable/raspberrypi/rp2040/dcd_rp2040.c.obj
 .rodata.__func__.5
                0x000000001000a8b0        0xf CMakeFiles/pico_lcd_1.14.dir/home/michael/pico/pico-sdk/lib/tinyusb/src/portable/raspberrypi/rp2040/dcd_rp2040.c.obj
 *fill*         0x000000001000a8bf        0x1 
 .rodata.__func__.6
                0x000000001000a8c0       0x13 CMakeFiles/pico_lcd_1.14.dir/home/michael/pico/pico-sdk/lib/tinyusb/src/portable/raspberrypi/rp2040/dcd_rp2040.c.obj
 *fill*         0x000000001000a8d3        0x1 
 .rodata.__func__.7
                0x000000001000a8d4        0x9 CMakeFiles/pico_lcd_1.14.dir/home/michael/pico/pico-sdk/lib/tinyusb/src/portable/raspberrypi/rp2040/dcd_rp2040.c.obj
 *fill*         0x000000001000a8dd        0x3 
 .rodata.sync_ep_buffer.str1.4
                0x000000001000a8e0       0x95 CMakeFiles/pico_lcd_1.14.dir/home/michael/pico/pico-sdk/lib/tinyusb/src/portable/raspberrypi/rp2040/rp2040_usb.c.obj
 *fill*         0x000000001000a975        0x3 
 .rodata._hw_endpoint_buffer_control_update32.str1.4
                0x000000001000a978       0x1f CMakeFiles/pico_lcd_1.14.dir/home/michael/pico/pico-sdk/lib/tinyusb/src/portable/raspberrypi/rp2040/rp2040_usb.c.obj
 *fill*         0x000000001000a997        0x1 
 .rodata.hw_endpoint_xfer_start.str1.4
                0x000000001000a998       0x38 CMakeFiles/pico_lcd_1.14.dir/home/michael/pico/pico-sdk/lib/tinyusb/src/portable/raspberrypi/rp2040/rp2040_usb.c.obj
 .rodata.hw_endpoint_xfer_continue.str1.4
                0x000000001000a9d0       0x29 CMakeFiles/pico_lcd_1.14.dir/home/michael/pico/pico-sdk/lib/tinyusb/src/portable/raspberrypi/rp2040/rp2040_usb.c.obj
 *fill*         0x000000001000a9f9        0x3 
 .rodata.str1.4
                0x000000001000a9fc        0x7 CMakeFiles/pico_lcd_1.14.dir/home/michael/pico/pico-sdk/lib/tinyusb/src/portable/raspberrypi/rp2040/rp2040_usb.c.obj
 *fill*         0x000000001000aa03        0x1 
 .rodata.__func__.0
                0x000000001000aa04        0xf CMakeFiles/pico_lcd_1.14.dir/home/michael/pico/pico-sdk/lib/tinyusb/src/portable/raspberrypi/rp2040/rp2040_usb.c.obj
 *fill*         0x000000001000aa13        0x1 
 .rodata.process_set_config.str1.4
                0x000000001000aa14       0x17 CMakeFiles/pico_lcd_1.14.dir/home/michael/pico/pico-sdk/lib/tinyusb/src/device/usbd.c.obj
 *fill*         0x000000001000aa2b        0x1 
 .rodata.process_get_descriptor
                0x000000001000aa2c       0x40 CMakeFiles/pico_lcd_1.14.dir/home/michael/pico/pico-sdk/lib/tinyusb/src/device/usbd.c.obj
 .rodata.process_control_request
                0x000000001000aa6c       0x28 CMakeFiles/pico_lcd_1.14.dir/home/michael/pico/pico-sdk/lib/tinyusb/src/device/usbd.c.obj
 .rodata.tud_task
                0x000000001000aa94       0x24 CMakeFiles/pico_lcd_1.14.dir/home/michael/pico/pico-sdk/lib/tinyusb/src/device/usbd.c.obj
 .rodata.__func__.2
                0x000000001000aab8        0xf CMakeFiles/pico_lcd_1.14.dir/home/michael/pico/pico-sdk/lib/tinyusb/src/device/usbd.c.obj
 *fill*         0x000000001000aac7        0x1 
 .rodata.__func__.3
                0x000000001000aac8        0xf CMakeFiles/pico_lcd_1.14.dir/home/michael/pico/pico-sdk/lib/tinyusb/src/device/usbd.c.obj
 *fill*         0x000000001000aad7        0x1 
 .rodata.__func__.4
                0x000000001000aad8       0x14 CMakeFiles/pico_lcd_1.14.dir/home/michael/pico/pico-sdk/lib/tinyusb/src/device/usbd.c.obj
 .rodata.__func__.5
                0x000000001000aaec       0x10 CMakeFiles/pico_lcd_1.14.dir/home/michael/pico/pico-sdk/lib/tinyusb/src/device/usbd.c.obj
 .rodata.__func__.6
                0x000000001000aafc       0x17 CMakeFiles/pico_lcd_1.14.dir/home/michael/pico/pico-sdk/lib/tinyusb/src/device/usbd.c.obj
 *fill*         0x000000001000ab13        0x1 
 .rodata.__func__.7
                0x000000001000ab14       0x13 CMakeFiles/pico_lcd_1.14.dir/home/michael/pico/pico-sdk/lib/tinyusb/src/device/usbd.c.obj
 *fill*         0x000000001000ab27        0x1 
 .rodata.__func__.8
                0x000000001000ab28       0x18 CMakeFiles/pico_lcd_1.14.dir/home/michael/pico/pico-sdk/lib/tinyusb/src/device/usbd.c.obj
 .rodata.__func__.9
                0x000000001000ab40        0x9 CMakeFiles/pico_lcd_1.14.dir/home/michael/pico/pico-sdk/lib/tinyusb/src/device/usbd.c.obj
 *fill*         0x000000001000ab49        0x3 
 .rodata._usbd_driver